iverilog -o tb/build/sim_top.vvp -I src \
	tb/tb_top.v \
	src/top.v \
	src/oled_init.v \
	src/oled_stream.v \
	src/btn_debounce.v
vvp tb/build/sim_top.vvp
VCD info: dumpfile tb/build/top.vcd opened for output.
[        0] === SIM START ===
[149350000] CMD 0xef (cs=0 dc=0)
[152950000] CMD 0xeb (cs=0 dc=0)
[156550000] DAT 0x14 (cs=0 dc=1)
[160150000] CMD 0xfe (cs=0 dc=0)
[163750000] CMD 0xef (cs=0 dc=0)
[167350000] CMD 0xeb (cs=0 dc=0)
[170950000] DAT 0x14 (cs=0 dc=1)
[174550000] CMD 0x84 (cs=0 dc=0)
[178150000] DAT 0x40 (cs=0 dc=1)
[181750000] CMD 0x85 (cs=0 dc=0)
[185350000] DAT 0xff (cs=0 dc=1)
[188950000] CMD 0x86 (cs=0 dc=0)
[192550000] DAT 0xff (cs=0 dc=1)
[196150000] CMD 0x87 (cs=0 dc=0)
[199750000] DAT 0xff (cs=0 dc=1)
[203350000] CMD 0x88 (cs=0 dc=0)
[206950000] DAT 0x0a (cs=0 dc=1)
[210550000] CMD 0x89 (cs=0 dc=0)
[214150000] DAT 0x21 (cs=0 dc=1)
[217750000] CMD 0x8a (cs=0 dc=0)
[221350000] DAT 0x00 (cs=0 dc=1)
[224950000] CMD 0x8b (cs=0 dc=0)
[228550000] DAT 0x80 (cs=0 dc=1)
[232150000] CMD 0x8c (cs=0 dc=0)
[235750000] DAT 0x01 (cs=0 dc=1)
[239350000] CMD 0x8d (cs=0 dc=0)
[242950000] DAT 0x01 (cs=0 dc=1)
[246550000] CMD 0x8e (cs=0 dc=0)
[250150000] DAT 0xff (cs=0 dc=1)
[253750000] CMD 0x8f (cs=0 dc=0)
[257350000] DAT 0xff (cs=0 dc=1)
[260950000] CMD 0xb6 (cs=0 dc=0)
[264550000] DAT 0x00 (cs=0 dc=1)
[268150000] DAT 0x20 (cs=0 dc=1)
[271750000] CMD 0x3a (cs=0 dc=0)
[275350000] DAT 0x05 (cs=0 dc=1)
[278950000] CMD 0x90 (cs=0 dc=0)
[282550000] DAT 0x08 (cs=0 dc=1)
[286150000] DAT 0x08 (cs=0 dc=1)
[289750000] DAT 0x08 (cs=0 dc=1)
[293350000] DAT 0x08 (cs=0 dc=1)
[296950000] CMD 0xbd (cs=0 dc=0)
[300550000] DAT 0x06 (cs=0 dc=1)
[304150000] CMD 0xbc (cs=0 dc=0)
[307750000] DAT 0x00 (cs=0 dc=1)
[311350000] CMD 0xff (cs=0 dc=0)
[314950000] DAT 0x60 (cs=0 dc=1)
[318550000] DAT 0x01 (cs=0 dc=1)
[322150000] DAT 0x04 (cs=0 dc=1)
[325750000] CMD 0xc3 (cs=0 dc=0)
[329350000] DAT 0x13 (cs=0 dc=1)
[332950000] CMD 0xc4 (cs=0 dc=0)
[336550000] DAT 0x13 (cs=0 dc=1)
[340150000] CMD 0xc9 (cs=0 dc=0)
[343750000] DAT 0x22 (cs=0 dc=1)
[347350000] CMD 0xbe (cs=0 dc=0)
[350950000] DAT 0x11 (cs=0 dc=1)
[354550000] CMD 0xe1 (cs=0 dc=0)
[358150000] DAT 0x10 (cs=0 dc=1)
[361750000] DAT 0x0e (cs=0 dc=1)
[365350000] CMD 0xdf (cs=0 dc=0)
[368950000] DAT 0x21 (cs=0 dc=1)
[372550000] DAT 0x0c (cs=0 dc=1)
[376150000] DAT 0x02 (cs=0 dc=1)
[379750000] CMD 0xf0 (cs=0 dc=0)
[383350000] DAT 0x45 (cs=0 dc=1)
[386950000] DAT 0x09 (cs=0 dc=1)
[390550000] DAT 0x08 (cs=0 dc=1)
[394150000] DAT 0x08 (cs=0 dc=1)
[397750000] DAT 0x26 (cs=0 dc=1)
[401350000] DAT 0x2a (cs=0 dc=1)
[404950000] CMD 0xf1 (cs=0 dc=0)
[408550000] DAT 0x43 (cs=0 dc=1)
[412150000] DAT 0x70 (cs=0 dc=1)
[415750000] DAT 0x72 (cs=0 dc=1)
[419350000] DAT 0x36 (cs=0 dc=1)
[422950000] DAT 0x37 (cs=0 dc=1)
[426550000] DAT 0x6f (cs=0 dc=1)
[430150000] CMD 0xf2 (cs=0 dc=0)
[433750000] DAT 0x45 (cs=0 dc=1)
[437350000] DAT 0x09 (cs=0 dc=1)
[440950000] DAT 0x08 (cs=0 dc=1)
[444550000] DAT 0x08 (cs=0 dc=1)
[448150000] DAT 0x26 (cs=0 dc=1)
[451750000] DAT 0x2a (cs=0 dc=1)
[455350000] CMD 0xf3 (cs=0 dc=0)
[458950000] DAT 0x43 (cs=0 dc=1)
[462550000] DAT 0x70 (cs=0 dc=1)
[466150000] DAT 0x72 (cs=0 dc=1)
[469750000] DAT 0x36 (cs=0 dc=1)
[473350000] DAT 0x37 (cs=0 dc=1)
[476950000] DAT 0x6f (cs=0 dc=1)
[480550000] CMD 0xed (cs=0 dc=0)
[484150000] DAT 0x1b (cs=0 dc=1)
[487750000] DAT 0x0b (cs=0 dc=1)
[491350000] CMD 0xae (cs=0 dc=0)
[494950000] DAT 0x77 (cs=0 dc=1)
[498550000] CMD 0xcd (cs=0 dc=0)
[502150000] DAT 0x63 (cs=0 dc=1)
[505750000] CMD 0x70 (cs=0 dc=0)
[509350000] DAT 0x07 (cs=0 dc=1)
[512950000] DAT 0x07 (cs=0 dc=1)
[516550000] DAT 0x04 (cs=0 dc=1)
[520150000] DAT 0x0e (cs=0 dc=1)
[523750000] DAT 0x0f (cs=0 dc=1)
[527350000] DAT 0x09 (cs=0 dc=1)
[530950000] DAT 0x07 (cs=0 dc=1)
[534550000] DAT 0x08 (cs=0 dc=1)
[538150000] DAT 0x03 (cs=0 dc=1)
[541750000] CMD 0xe8 (cs=0 dc=0)
[545350000] DAT 0x34 (cs=0 dc=1)
[548950000] CMD 0x62 (cs=0 dc=0)
[552550000] DAT 0x18 (cs=0 dc=1)
[556150000] DAT 0x0d (cs=0 dc=1)
[559750000] DAT 0x71 (cs=0 dc=1)
[563350000] DAT 0xed (cs=0 dc=1)
[566950000] DAT 0x70 (cs=0 dc=1)
[570550000] DAT 0x70 (cs=0 dc=1)
[574150000] DAT 0x18 (cs=0 dc=1)
[577750000] DAT 0x0f (cs=0 dc=1)
[581350000] DAT 0x71 (cs=0 dc=1)
[584950000] DAT 0xef (cs=0 dc=1)
[588550000] DAT 0x70 (cs=0 dc=1)
[592150000] DAT 0x70 (cs=0 dc=1)
[595750000] CMD 0x63 (cs=0 dc=0)
[599350000] DAT 0x18 (cs=0 dc=1)
[602950000] DAT 0x11 (cs=0 dc=1)
[606550000] DAT 0x71 (cs=0 dc=1)
[610150000] DAT 0xf1 (cs=0 dc=1)
[613750000] DAT 0x70 (cs=0 dc=1)
[617350000] DAT 0x70 (cs=0 dc=1)
[620950000] DAT 0x18 (cs=0 dc=1)
[624550000] DAT 0x13 (cs=0 dc=1)
[628150000] DAT 0x71 (cs=0 dc=1)
[631750000] DAT 0xf3 (cs=0 dc=1)
[635350000] DAT 0x70 (cs=0 dc=1)
[638950000] DAT 0x70 (cs=0 dc=1)
[642550000] CMD 0x64 (cs=0 dc=0)
[646150000] DAT 0x28 (cs=0 dc=1)
[649750000] DAT 0x29 (cs=0 dc=1)
[653350000] DAT 0xf1 (cs=0 dc=1)
[656950000] DAT 0x01 (cs=0 dc=1)
[660550000] DAT 0xf1 (cs=0 dc=1)
[664150000] DAT 0x00 (cs=0 dc=1)
[667750000] DAT 0x07 (cs=0 dc=1)
[671350000] CMD 0x66 (cs=0 dc=0)
[674950000] DAT 0x3c (cs=0 dc=1)
[678550000] DAT 0x00 (cs=0 dc=1)
[682150000] DAT 0xcd (cs=0 dc=1)
[685750000] DAT 0x67 (cs=0 dc=1)
[689350000] DAT 0x45 (cs=0 dc=1)
[692950000] DAT 0x45 (cs=0 dc=1)
[696550000] DAT 0x10 (cs=0 dc=1)
[700150000] DAT 0x00 (cs=0 dc=1)
[703750000] DAT 0x00 (cs=0 dc=1)
[707350000] DAT 0x00 (cs=0 dc=1)
[710950000] CMD 0x67 (cs=0 dc=0)
[714550000] DAT 0x00 (cs=0 dc=1)
[718150000] DAT 0x3c (cs=0 dc=1)
[721750000] DAT 0x00 (cs=0 dc=1)
[725350000] DAT 0x00 (cs=0 dc=1)
[728950000] DAT 0x00 (cs=0 dc=1)
[732550000] DAT 0x01 (cs=0 dc=1)
[736150000] DAT 0x54 (cs=0 dc=1)
[739750000] DAT 0x10 (cs=0 dc=1)
[743350000] DAT 0x32 (cs=0 dc=1)
[746950000] DAT 0x98 (cs=0 dc=1)
[750550000] CMD 0x74 (cs=0 dc=0)
[754150000] DAT 0x10 (cs=0 dc=1)
[757750000] DAT 0x85 (cs=0 dc=1)
[761350000] DAT 0x80 (cs=0 dc=1)
[764950000] DAT 0x00 (cs=0 dc=1)
[768550000] DAT 0x00 (cs=0 dc=1)
[772150000] DAT 0x4e (cs=0 dc=1)
[775750000] DAT 0x00 (cs=0 dc=1)
[779350000] CMD 0x98 (cs=0 dc=0)
[782950000] DAT 0x3e (cs=0 dc=1)
[786550000] DAT 0x07 (cs=0 dc=1)
[790150000] CMD 0x35 (cs=0 dc=0)
[793750000] CMD 0x21 (cs=0 dc=0)
[797350000] CMD 0x11 (cs=0 dc=0)
[801050000] CMD 0x29 (cs=0 dc=0)
[804650000] CMD 0x2a (cs=0 dc=0)
[808150000] DAT 0x00 (cs=0 dc=1)
[811650000] DAT 0x00 (cs=0 dc=1)
[815150000] DAT 0x00 (cs=0 dc=1)
[818650000] DAT 0xef (cs=0 dc=1)
[822150000] CMD 0x2b (cs=0 dc=0)
[825650000] DAT 0x00 (cs=0 dc=1)
[829150000] DAT 0x00 (cs=0 dc=1)
[832650000] DAT 0x00 (cs=0 dc=1)
[836150000] DAT 0xef (cs=0 dc=1)
[839650000] CMD 0x2c (cs=0 dc=0)
[839850000] === init_done ASSERTED (sniffed 193 bytes so far) ===
[840150000] === stream sclk_active RISING (first stream cycle) ===
[841000000] DAT 0xff (cs=0 dc=1)
[841800000] DAT 0xff (cs=0 dc=1)
[842600000] DAT 0xff (cs=0 dc=1)
[843400000] DAT 0xff (cs=0 dc=1)
[844200000] DAT 0xff (cs=0 dc=1)
[845000000] DAT 0xff (cs=0 dc=1)
[845800000] DAT 0xff (cs=0 dc=1)
[846600000] DAT 0xff (cs=0 dc=1)
[847400000] DAT 0xff (cs=0 dc=1)
[848200000] DAT 0xff (cs=0 dc=1)
[849000000] DAT 0xff (cs=0 dc=1)
[849800000] DAT 0xff (cs=0 dc=1)
[850600000] DAT 0xff (cs=0 dc=1)
[851400000] DAT 0xff (cs=0 dc=1)
[852200000] DAT 0xff (cs=0 dc=1)
[853000000] DAT 0xff (cs=0 dc=1)
[853800000] DAT 0xff (cs=0 dc=1)
[854600000] DAT 0xff (cs=0 dc=1)
[855400000] DAT 0xff (cs=0 dc=1)
[856200000] DAT 0xff (cs=0 dc=1)
[857000000] DAT 0xff (cs=0 dc=1)
[857800000] DAT 0xff (cs=0 dc=1)
[858600000] DAT 0xff (cs=0 dc=1)
[859400000] DAT 0xff (cs=0 dc=1)
[860200000] DAT 0xff (cs=0 dc=1)
[861000000] DAT 0xff (cs=0 dc=1)
[861800000] DAT 0xff (cs=0 dc=1)
[862600000] DAT 0xff (cs=0 dc=1)
[863400000] DAT 0xff (cs=0 dc=1)
[864200000] DAT 0xff (cs=0 dc=1)
[865000000] DAT 0xff (cs=0 dc=1)
[865800000] DAT 0xff (cs=0 dc=1)
[866600000] DAT 0xff (cs=0 dc=1)
[867400000] DAT 0xff (cs=0 dc=1)
[868200000] DAT 0xff (cs=0 dc=1)
[869000000] DAT 0xff (cs=0 dc=1)
[869800000] DAT 0xff (cs=0 dc=1)
[870600000] DAT 0xff (cs=0 dc=1)
[871400000] DAT 0xff (cs=0 dc=1)
[872200000] DAT 0xff (cs=0 dc=1)
[873000000] DAT 0xff (cs=0 dc=1)
[873800000] DAT 0xff (cs=0 dc=1)
[874600000] DAT 0xff (cs=0 dc=1)
[875400000] DAT 0xff (cs=0 dc=1)
[876200000] DAT 0xff (cs=0 dc=1)
[877000000] DAT 0xff (cs=0 dc=1)
[877800000] DAT 0xff (cs=0 dc=1)
[878600000] DAT 0xff (cs=0 dc=1)
[879400000] DAT 0xff (cs=0 dc=1)
[880200000] DAT 0xff (cs=0 dc=1)
[881000000] DAT 0xff (cs=0 dc=1)
[881800000] DAT 0xff (cs=0 dc=1)
[882600000] DAT 0xff (cs=0 dc=1)
[883400000] DAT 0xff (cs=0 dc=1)
[884200000] DAT 0xff (cs=0 dc=1)
[885000000] DAT 0xff (cs=0 dc=1)
[885800000] DAT 0xff (cs=0 dc=1)
[886600000] DAT 0xff (cs=0 dc=1)
[887400000] DAT 0xff (cs=0 dc=1)
[888200000] DAT 0xff (cs=0 dc=1)
[889000000] DAT 0xff (cs=0 dc=1)
[889800000] DAT 0xff (cs=0 dc=1)
[890600000] DAT 0xff (cs=0 dc=1)
[891400000] DAT 0xff (cs=0 dc=1)
[892200000] DAT 0xff (cs=0 dc=1)
[893000000] DAT 0xff (cs=0 dc=1)
[893800000] DAT 0xff (cs=0 dc=1)
[894600000] DAT 0xff (cs=0 dc=1)
[895400000] DAT 0xff (cs=0 dc=1)
[896200000] DAT 0xff (cs=0 dc=1)
[897000000] DAT 0xff (cs=0 dc=1)
[897800000] DAT 0xff (cs=0 dc=1)
[898600000] DAT 0xff (cs=0 dc=1)
[899400000] DAT 0xff (cs=0 dc=1)
[900200000] DAT 0xff (cs=0 dc=1)
[901000000] DAT 0xff (cs=0 dc=1)
[901800000] DAT 0xff (cs=0 dc=1)
[902600000] DAT 0xff (cs=0 dc=1)
[903400000] DAT 0xff (cs=0 dc=1)
[904200000] DAT 0xff (cs=0 dc=1)
[905000000] DAT 0xff (cs=0 dc=1)
[905800000] DAT 0xff (cs=0 dc=1)
[906600000] DAT 0xff (cs=0 dc=1)
[907400000] DAT 0xff (cs=0 dc=1)
[908200000] DAT 0xff (cs=0 dc=1)
[909000000] DAT 0xff (cs=0 dc=1)
[909800000] DAT 0xff (cs=0 dc=1)
[910600000] DAT 0xff (cs=0 dc=1)
[911400000] DAT 0xff (cs=0 dc=1)
[912200000] DAT 0xff (cs=0 dc=1)
[913000000] DAT 0xff (cs=0 dc=1)
[913800000] DAT 0xff (cs=0 dc=1)
[914600000] DAT 0xff (cs=0 dc=1)
[915400000] DAT 0xff (cs=0 dc=1)
[916200000] DAT 0xff (cs=0 dc=1)
[917000000] DAT 0xff (cs=0 dc=1)
[917800000] DAT 0xff (cs=0 dc=1)
[918600000] DAT 0xff (cs=0 dc=1)
[919400000] DAT 0xff (cs=0 dc=1)
[920200000] DAT 0xff (cs=0 dc=1)
[921000000] DAT 0xff (cs=0 dc=1)
[921800000] DAT 0xff (cs=0 dc=1)
[922600000] DAT 0xff (cs=0 dc=1)
[923400000] DAT 0xff (cs=0 dc=1)
[924200000] DAT 0xff (cs=0 dc=1)
[925000000] DAT 0xff (cs=0 dc=1)
[925800000] DAT 0xff (cs=0 dc=1)
[926600000] DAT 0xff (cs=0 dc=1)
[927400000] DAT 0xff (cs=0 dc=1)
[928200000] DAT 0xff (cs=0 dc=1)
[929000000] DAT 0xff (cs=0 dc=1)
[929800000] DAT 0xff (cs=0 dc=1)
[930600000] DAT 0xff (cs=0 dc=1)
[931400000] DAT 0xff (cs=0 dc=1)
[932200000] DAT 0xff (cs=0 dc=1)
[933000000] DAT 0xff (cs=0 dc=1)
[933800000] DAT 0xff (cs=0 dc=1)
[934600000] DAT 0xff (cs=0 dc=1)
[935400000] DAT 0xff (cs=0 dc=1)
[936200000] DAT 0xff (cs=0 dc=1)
[937000000] DAT 0xff (cs=0 dc=1)
[937800000] DAT 0xff (cs=0 dc=1)
[938600000] DAT 0xff (cs=0 dc=1)
[939400000] DAT 0xff (cs=0 dc=1)
[940200000] DAT 0xff (cs=0 dc=1)
[941000000] DAT 0xff (cs=0 dc=1)
[941800000] DAT 0xff (cs=0 dc=1)
[942600000] DAT 0xff (cs=0 dc=1)
[943400000] DAT 0xff (cs=0 dc=1)
[944200000] DAT 0xff (cs=0 dc=1)
[945000000] DAT 0xff (cs=0 dc=1)
[945800000] DAT 0xff (cs=0 dc=1)
[946600000] DAT 0xff (cs=0 dc=1)
[947400000] DAT 0xff (cs=0 dc=1)
[948200000] DAT 0xff (cs=0 dc=1)
[949000000] DAT 0xff (cs=0 dc=1)
[949800000] DAT 0xff (cs=0 dc=1)
[950600000] DAT 0xff (cs=0 dc=1)
[951400000] DAT 0xff (cs=0 dc=1)
[952200000] DAT 0xff (cs=0 dc=1)
[953000000] DAT 0xff (cs=0 dc=1)
[953800000] DAT 0xff (cs=0 dc=1)
[954600000] DAT 0xff (cs=0 dc=1)
[955400000] DAT 0xff (cs=0 dc=1)
[956200000] DAT 0xff (cs=0 dc=1)
[957000000] DAT 0xff (cs=0 dc=1)
[957800000] DAT 0xff (cs=0 dc=1)
[958600000] DAT 0xff (cs=0 dc=1)
[959400000] DAT 0xff (cs=0 dc=1)
[960200000] DAT 0xff (cs=0 dc=1)
[961000000] DAT 0xff (cs=0 dc=1)
[961800000] DAT 0xff (cs=0 dc=1)
[962600000] DAT 0xff (cs=0 dc=1)
[963400000] DAT 0xff (cs=0 dc=1)
[964200000] DAT 0xff (cs=0 dc=1)
[965000000] DAT 0xff (cs=0 dc=1)
[965800000] DAT 0xff (cs=0 dc=1)
[966600000] DAT 0xff (cs=0 dc=1)
[967400000] DAT 0xff (cs=0 dc=1)
[968200000] DAT 0xff (cs=0 dc=1)
[969000000] DAT 0xff (cs=0 dc=1)
[969800000] DAT 0xff (cs=0 dc=1)
[970600000] DAT 0xff (cs=0 dc=1)
[971400000] DAT 0xff (cs=0 dc=1)
[972200000] DAT 0xff (cs=0 dc=1)
[973000000] DAT 0xff (cs=0 dc=1)
[973800000] DAT 0xff (cs=0 dc=1)
[974600000] DAT 0xff (cs=0 dc=1)
[975400000] DAT 0xff (cs=0 dc=1)
[976200000] DAT 0xff (cs=0 dc=1)
[977000000] DAT 0xff (cs=0 dc=1)
[977800000] DAT 0xff (cs=0 dc=1)
[978600000] DAT 0xff (cs=0 dc=1)
[979400000] DAT 0xff (cs=0 dc=1)
[980200000] DAT 0xff (cs=0 dc=1)
[981000000] DAT 0xff (cs=0 dc=1)
[981800000] DAT 0xff (cs=0 dc=1)
[982600000] DAT 0xff (cs=0 dc=1)
[983400000] DAT 0xff (cs=0 dc=1)
[984200000] DAT 0xff (cs=0 dc=1)
[985000000] DAT 0xff (cs=0 dc=1)
[985800000] DAT 0xff (cs=0 dc=1)
[986600000] DAT 0xff (cs=0 dc=1)
[987400000] DAT 0xff (cs=0 dc=1)
[988200000] DAT 0xff (cs=0 dc=1)
[989000000] DAT 0xff (cs=0 dc=1)
[989800000] DAT 0xff (cs=0 dc=1)
[990600000] DAT 0xff (cs=0 dc=1)
[991400000] DAT 0xff (cs=0 dc=1)
[992200000] DAT 0xff (cs=0 dc=1)
[993000000] DAT 0xff (cs=0 dc=1)
[993800000] DAT 0xff (cs=0 dc=1)
[994600000] DAT 0xff (cs=0 dc=1)
[995400000] DAT 0xff (cs=0 dc=1)
[996200000] DAT 0xff (cs=0 dc=1)
[997000000] DAT 0xff (cs=0 dc=1)
[997800000] DAT 0xff (cs=0 dc=1)
[998600000] DAT 0xff (cs=0 dc=1)
[999400000] DAT 0xff (cs=0 dc=1)
[1000200000] DAT 0xff (cs=0 dc=1)
[1001000000] DAT 0xff (cs=0 dc=1)
[1001800000] DAT 0xff (cs=0 dc=1)
[1002600000] DAT 0xff (cs=0 dc=1)
[1003400000] DAT 0xff (cs=0 dc=1)
[1004200000] DAT 0xff (cs=0 dc=1)
[1005000000] DAT 0xff (cs=0 dc=1)
[1005800000] DAT 0xff (cs=0 dc=1)
[1006600000] DAT 0xff (cs=0 dc=1)
[1007400000] DAT 0xff (cs=0 dc=1)
[1008200000] DAT 0xff (cs=0 dc=1)
[1009000000] DAT 0xff (cs=0 dc=1)
[1009800000] DAT 0xff (cs=0 dc=1)
[1010600000] DAT 0xff (cs=0 dc=1)
[1011400000] DAT 0xff (cs=0 dc=1)
[1012200000] DAT 0xff (cs=0 dc=1)
[1013000000] DAT 0xff (cs=0 dc=1)
[1013800000] DAT 0xff (cs=0 dc=1)
[1014600000] DAT 0xff (cs=0 dc=1)
[1015400000] DAT 0xff (cs=0 dc=1)
[1016200000] DAT 0xff (cs=0 dc=1)
[1017000000] DAT 0xff (cs=0 dc=1)
[1017800000] DAT 0xff (cs=0 dc=1)
[1018600000] DAT 0xff (cs=0 dc=1)
[1019400000] DAT 0xff (cs=0 dc=1)
[1020200000] DAT 0xff (cs=0 dc=1)
[1021000000] DAT 0xff (cs=0 dc=1)
[1021800000] DAT 0xff (cs=0 dc=1)
[1022600000] DAT 0xff (cs=0 dc=1)
[1023400000] DAT 0xff (cs=0 dc=1)
[1024200000] DAT 0xff (cs=0 dc=1)
[1025000000] DAT 0xff (cs=0 dc=1)
[1025800000] DAT 0xff (cs=0 dc=1)
[1026600000] DAT 0xff (cs=0 dc=1)
[1027400000] DAT 0xff (cs=0 dc=1)
[1028200000] DAT 0xff (cs=0 dc=1)
[1029000000] DAT 0xff (cs=0 dc=1)
[1029800000] DAT 0xff (cs=0 dc=1)
[1030600000] DAT 0xff (cs=0 dc=1)
[1031400000] DAT 0xff (cs=0 dc=1)
[1032200000] DAT 0xff (cs=0 dc=1)
[1033000000] DAT 0xff (cs=0 dc=1)
[1033800000] DAT 0xff (cs=0 dc=1)
[1034600000] DAT 0xff (cs=0 dc=1)
[1035400000] DAT 0xff (cs=0 dc=1)
[1036200000] DAT 0xff (cs=0 dc=1)
[1037000000] DAT 0xff (cs=0 dc=1)
[1037800000] DAT 0xff (cs=0 dc=1)
[1038600000] DAT 0xff (cs=0 dc=1)
[1039400000] DAT 0xff (cs=0 dc=1)
[1040200000] DAT 0xff (cs=0 dc=1)
[1041000000] DAT 0xff (cs=0 dc=1)
[1041800000] DAT 0xff (cs=0 dc=1)
[1042600000] DAT 0xff (cs=0 dc=1)
[1043400000] DAT 0xff (cs=0 dc=1)
[1044200000] DAT 0xff (cs=0 dc=1)
[1045000000] DAT 0xff (cs=0 dc=1)
[1045800000] DAT 0xff (cs=0 dc=1)
[1046600000] DAT 0xff (cs=0 dc=1)
[1047400000] DAT 0xff (cs=0 dc=1)
[1048200000] DAT 0xff (cs=0 dc=1)
[1049000000] DAT 0xff (cs=0 dc=1)
[1049800000] DAT 0xff (cs=0 dc=1)
[1050600000] DAT 0xff (cs=0 dc=1)
[1051400000] DAT 0xff (cs=0 dc=1)
[1052200000] DAT 0xff (cs=0 dc=1)
[1053000000] DAT 0xff (cs=0 dc=1)
[1053800000] DAT 0xff (cs=0 dc=1)
[1054600000] DAT 0xff (cs=0 dc=1)
[1055400000] DAT 0xff (cs=0 dc=1)
[1056200000] DAT 0xff (cs=0 dc=1)
[1057000000] DAT 0xff (cs=0 dc=1)
[1057800000] DAT 0xff (cs=0 dc=1)
[1058600000] DAT 0xff (cs=0 dc=1)
[1059400000] DAT 0xff (cs=0 dc=1)
[1060200000] DAT 0xff (cs=0 dc=1)
[1061000000] DAT 0xff (cs=0 dc=1)
[1061800000] DAT 0xff (cs=0 dc=1)
[1062600000] DAT 0xff (cs=0 dc=1)
[1063400000] DAT 0xff (cs=0 dc=1)
[1064200000] DAT 0xff (cs=0 dc=1)
[1065000000] DAT 0xff (cs=0 dc=1)
[1065800000] DAT 0xff (cs=0 dc=1)
[1066600000] DAT 0xff (cs=0 dc=1)
[1067400000] DAT 0xff (cs=0 dc=1)
[1068200000] DAT 0xff (cs=0 dc=1)
[1069000000] DAT 0xff (cs=0 dc=1)
[1069800000] DAT 0xff (cs=0 dc=1)
[1070600000] DAT 0xff (cs=0 dc=1)
[1071400000] DAT 0xff (cs=0 dc=1)
[1072200000] DAT 0xff (cs=0 dc=1)
[1073000000] DAT 0xff (cs=0 dc=1)
[1073800000] DAT 0xff (cs=0 dc=1)
[1074600000] DAT 0xff (cs=0 dc=1)
[1075400000] DAT 0xff (cs=0 dc=1)
[1076200000] DAT 0xff (cs=0 dc=1)
[1077000000] DAT 0xff (cs=0 dc=1)
[1077800000] DAT 0xff (cs=0 dc=1)
[1078600000] DAT 0xff (cs=0 dc=1)
[1079400000] DAT 0xff (cs=0 dc=1)
[1080200000] DAT 0xff (cs=0 dc=1)
[1081000000] DAT 0xff (cs=0 dc=1)
[1081800000] DAT 0xff (cs=0 dc=1)
[1082600000] DAT 0xff (cs=0 dc=1)
[1083400000] DAT 0xff (cs=0 dc=1)
[1084200000] DAT 0xff (cs=0 dc=1)
[1085000000] DAT 0xff (cs=0 dc=1)
[1085800000] DAT 0xff (cs=0 dc=1)
[1086600000] DAT 0xff (cs=0 dc=1)
[1087400000] DAT 0xff (cs=0 dc=1)
[1088200000] DAT 0xff (cs=0 dc=1)
[1089000000] DAT 0xff (cs=0 dc=1)
[1089800000] DAT 0xff (cs=0 dc=1)
[1090600000] DAT 0xff (cs=0 dc=1)
[1091400000] DAT 0xff (cs=0 dc=1)
[1092200000] DAT 0xff (cs=0 dc=1)
[1093000000] DAT 0xff (cs=0 dc=1)
[1093800000] DAT 0xff (cs=0 dc=1)
[1094600000] DAT 0xff (cs=0 dc=1)
[1095400000] DAT 0xff (cs=0 dc=1)
[1096200000] DAT 0xff (cs=0 dc=1)
[1097000000] DAT 0xff (cs=0 dc=1)
[1097800000] DAT 0xff (cs=0 dc=1)
[1098600000] DAT 0xff (cs=0 dc=1)
[1099400000] DAT 0xff (cs=0 dc=1)
[1100200000] DAT 0xff (cs=0 dc=1)
[1101000000] DAT 0xff (cs=0 dc=1)
[1101800000] DAT 0xff (cs=0 dc=1)
[1102600000] DAT 0xff (cs=0 dc=1)
[1103400000] DAT 0xff (cs=0 dc=1)
[1104200000] DAT 0xff (cs=0 dc=1)
[1105000000] DAT 0xff (cs=0 dc=1)
[1105800000] DAT 0xff (cs=0 dc=1)
[1106600000] DAT 0xff (cs=0 dc=1)
[1107400000] DAT 0xff (cs=0 dc=1)
[1108200000] DAT 0xff (cs=0 dc=1)
[1109000000] DAT 0xff (cs=0 dc=1)
[1109800000] DAT 0xff (cs=0 dc=1)
[1110600000] DAT 0xff (cs=0 dc=1)
[1111400000] DAT 0xff (cs=0 dc=1)
[1112200000] DAT 0xff (cs=0 dc=1)
[1113000000] DAT 0xff (cs=0 dc=1)
[1113800000] DAT 0xff (cs=0 dc=1)
[1114600000] DAT 0xff (cs=0 dc=1)
[1115400000] DAT 0xff (cs=0 dc=1)
[1116200000] DAT 0xff (cs=0 dc=1)
[1117000000] DAT 0xff (cs=0 dc=1)
[1117800000] DAT 0xff (cs=0 dc=1)
[1118600000] DAT 0xff (cs=0 dc=1)
[1119400000] DAT 0xff (cs=0 dc=1)
[1120200000] DAT 0xff (cs=0 dc=1)
[1121000000] DAT 0xff (cs=0 dc=1)
[1121800000] DAT 0xff (cs=0 dc=1)
[1122600000] DAT 0xff (cs=0 dc=1)
[1123400000] DAT 0xff (cs=0 dc=1)
[1124200000] DAT 0xff (cs=0 dc=1)
[1125000000] DAT 0xff (cs=0 dc=1)
[1125800000] DAT 0xff (cs=0 dc=1)
[1126600000] DAT 0xff (cs=0 dc=1)
[1127400000] DAT 0xff (cs=0 dc=1)
[1128200000] DAT 0xff (cs=0 dc=1)
[1129000000] DAT 0xff (cs=0 dc=1)
[1129800000] DAT 0xff (cs=0 dc=1)
[1130600000] DAT 0xff (cs=0 dc=1)
[1131400000] DAT 0xff (cs=0 dc=1)
[1132200000] DAT 0xff (cs=0 dc=1)
[1133000000] DAT 0xff (cs=0 dc=1)
[1133800000] DAT 0xff (cs=0 dc=1)
[1134600000] DAT 0xff (cs=0 dc=1)
[1135400000] DAT 0xff (cs=0 dc=1)
[1136200000] DAT 0xff (cs=0 dc=1)
[1137000000] DAT 0xff (cs=0 dc=1)
[1137800000] DAT 0xff (cs=0 dc=1)
[1138600000] DAT 0xff (cs=0 dc=1)
[1139400000] DAT 0xff (cs=0 dc=1)
[1140200000] DAT 0xff (cs=0 dc=1)
[1141000000] DAT 0xff (cs=0 dc=1)
[1141800000] DAT 0xff (cs=0 dc=1)
[1142600000] DAT 0xff (cs=0 dc=1)
[1143400000] DAT 0xff (cs=0 dc=1)
[1144200000] DAT 0xff (cs=0 dc=1)
[1145000000] DAT 0xff (cs=0 dc=1)
[1145800000] DAT 0xff (cs=0 dc=1)
[1146600000] DAT 0xff (cs=0 dc=1)
[1147400000] DAT 0xff (cs=0 dc=1)
[1148200000] DAT 0xff (cs=0 dc=1)
[1149000000] DAT 0xff (cs=0 dc=1)
[1149800000] DAT 0xff (cs=0 dc=1)
[1150600000] DAT 0xff (cs=0 dc=1)
[1151400000] DAT 0xff (cs=0 dc=1)
[1152200000] DAT 0xff (cs=0 dc=1)
[1153000000] DAT 0xff (cs=0 dc=1)
[1153800000] DAT 0xff (cs=0 dc=1)
[1154600000] DAT 0xff (cs=0 dc=1)
[1155400000] DAT 0xff (cs=0 dc=1)
[1156200000] DAT 0xff (cs=0 dc=1)
[1157000000] DAT 0xff (cs=0 dc=1)
[1157800000] DAT 0xff (cs=0 dc=1)
[1158600000] DAT 0xff (cs=0 dc=1)
[1159400000] DAT 0xff (cs=0 dc=1)
[1160200000] DAT 0xff (cs=0 dc=1)
[1161000000] DAT 0xff (cs=0 dc=1)
[1161800000] DAT 0xff (cs=0 dc=1)
[1162600000] DAT 0xff (cs=0 dc=1)
[1163400000] DAT 0xff (cs=0 dc=1)
[1164200000] DAT 0xff (cs=0 dc=1)
[1165000000] DAT 0xff (cs=0 dc=1)
[1165800000] DAT 0xff (cs=0 dc=1)
[1166600000] DAT 0xff (cs=0 dc=1)
[1167400000] DAT 0xff (cs=0 dc=1)
[1168200000] DAT 0xff (cs=0 dc=1)
[1169000000] DAT 0xff (cs=0 dc=1)
[1169800000] DAT 0xff (cs=0 dc=1)
[1170600000] DAT 0xff (cs=0 dc=1)
[1171400000] DAT 0xff (cs=0 dc=1)
[1172200000] DAT 0xff (cs=0 dc=1)
[1173000000] DAT 0xff (cs=0 dc=1)
[1173800000] DAT 0xff (cs=0 dc=1)
[1174600000] DAT 0xff (cs=0 dc=1)
[1175400000] DAT 0xff (cs=0 dc=1)
[1176200000] DAT 0xff (cs=0 dc=1)
[1177000000] DAT 0xff (cs=0 dc=1)
[1177800000] DAT 0xff (cs=0 dc=1)
[1178600000] DAT 0xff (cs=0 dc=1)
[1179400000] DAT 0xff (cs=0 dc=1)
[1180200000] DAT 0xff (cs=0 dc=1)
[1181000000] DAT 0xff (cs=0 dc=1)
[1181800000] DAT 0xff (cs=0 dc=1)
[1182600000] DAT 0xff (cs=0 dc=1)
[1183400000] DAT 0xff (cs=0 dc=1)
[1184200000] DAT 0xff (cs=0 dc=1)
[1185000000] DAT 0xff (cs=0 dc=1)
[1185800000] DAT 0xff (cs=0 dc=1)
[1186600000] DAT 0xff (cs=0 dc=1)
[1187400000] DAT 0xff (cs=0 dc=1)
[1188200000] DAT 0xff (cs=0 dc=1)
[1189000000] DAT 0xff (cs=0 dc=1)
[1189800000] DAT 0xff (cs=0 dc=1)
[1190600000] DAT 0xff (cs=0 dc=1)
[1191400000] DAT 0xff (cs=0 dc=1)
[1192200000] DAT 0xff (cs=0 dc=1)
[1193000000] DAT 0xff (cs=0 dc=1)
[1193800000] DAT 0xff (cs=0 dc=1)
[1194600000] DAT 0xff (cs=0 dc=1)
[1195400000] DAT 0xff (cs=0 dc=1)
[1196200000] DAT 0xff (cs=0 dc=1)
[1197000000] DAT 0xff (cs=0 dc=1)
[1197800000] DAT 0xff (cs=0 dc=1)
[1198600000] DAT 0xff (cs=0 dc=1)
[1199400000] DAT 0xff (cs=0 dc=1)
[1200200000] DAT 0xff (cs=0 dc=1)
[1201000000] DAT 0xff (cs=0 dc=1)
[1201800000] DAT 0xff (cs=0 dc=1)
[1202600000] DAT 0xff (cs=0 dc=1)
[1203400000] DAT 0xff (cs=0 dc=1)
[1204200000] DAT 0xff (cs=0 dc=1)
[1205000000] DAT 0xff (cs=0 dc=1)
[1205800000] DAT 0xff (cs=0 dc=1)
[1206600000] DAT 0xff (cs=0 dc=1)
[1207400000] DAT 0xff (cs=0 dc=1)
[1208200000] DAT 0xff (cs=0 dc=1)
[1209000000] DAT 0xff (cs=0 dc=1)
[1209800000] DAT 0xff (cs=0 dc=1)
[1210600000] DAT 0xff (cs=0 dc=1)
[1211400000] DAT 0xff (cs=0 dc=1)
[1212200000] DAT 0xff (cs=0 dc=1)
[1213000000] DAT 0xff (cs=0 dc=1)
[1213800000] DAT 0xff (cs=0 dc=1)
[1214600000] DAT 0xff (cs=0 dc=1)
[1215400000] DAT 0xff (cs=0 dc=1)
[1216200000] DAT 0xff (cs=0 dc=1)
[1217000000] DAT 0xff (cs=0 dc=1)
[1217800000] DAT 0xff (cs=0 dc=1)
[1218600000] DAT 0xff (cs=0 dc=1)
[1219400000] DAT 0xff (cs=0 dc=1)
[1220200000] DAT 0xff (cs=0 dc=1)
[1221000000] DAT 0xff (cs=0 dc=1)
[1221800000] DAT 0xff (cs=0 dc=1)
[1222600000] DAT 0xff (cs=0 dc=1)
[1223400000] DAT 0xff (cs=0 dc=1)
[1224200000] DAT 0xff (cs=0 dc=1)
[1225000000] DAT 0xff (cs=0 dc=1)
[1225800000] DAT 0xff (cs=0 dc=1)
[1226600000] DAT 0xff (cs=0 dc=1)
[1227400000] DAT 0xff (cs=0 dc=1)
[1228200000] DAT 0xff (cs=0 dc=1)
[1229000000] DAT 0xff (cs=0 dc=1)
[1229800000] DAT 0xff (cs=0 dc=1)
[1230600000] DAT 0xff (cs=0 dc=1)
[1231400000] DAT 0xff (cs=0 dc=1)
[1232200000] DAT 0xff (cs=0 dc=1)
[1233000000] DAT 0xff (cs=0 dc=1)
[1233800000] DAT 0xff (cs=0 dc=1)
[1234600000] DAT 0xff (cs=0 dc=1)
[1235400000] DAT 0xff (cs=0 dc=1)
[1236200000] DAT 0xff (cs=0 dc=1)
[1237000000] DAT 0xff (cs=0 dc=1)
[1237800000] DAT 0xff (cs=0 dc=1)
[1238600000] DAT 0xff (cs=0 dc=1)
[1239400000] DAT 0xff (cs=0 dc=1)
[1240200000] DAT 0xff (cs=0 dc=1)
[1241000000] DAT 0xff (cs=0 dc=1)
[1241800000] DAT 0xff (cs=0 dc=1)
[1242600000] DAT 0xff (cs=0 dc=1)
[1243400000] DAT 0xff (cs=0 dc=1)
[1244200000] DAT 0xff (cs=0 dc=1)
[1245000000] DAT 0xff (cs=0 dc=1)
[1245800000] DAT 0xff (cs=0 dc=1)
[1246600000] DAT 0xff (cs=0 dc=1)
[1247400000] DAT 0xff (cs=0 dc=1)
[1248200000] DAT 0xff (cs=0 dc=1)
[1249000000] DAT 0xff (cs=0 dc=1)
[1249800000] DAT 0xff (cs=0 dc=1)
[1250600000] DAT 0xff (cs=0 dc=1)
[1251400000] DAT 0xff (cs=0 dc=1)
[1252200000] DAT 0xff (cs=0 dc=1)
[1253000000] DAT 0xff (cs=0 dc=1)
[1253800000] DAT 0xff (cs=0 dc=1)
[1254600000] DAT 0xff (cs=0 dc=1)
[1255400000] DAT 0xff (cs=0 dc=1)
[1256200000] DAT 0xff (cs=0 dc=1)
[1257000000] DAT 0xff (cs=0 dc=1)
[1257800000] DAT 0xff (cs=0 dc=1)
[1258600000] DAT 0xff (cs=0 dc=1)
[1259400000] DAT 0xff (cs=0 dc=1)
[1260200000] DAT 0xff (cs=0 dc=1)
[1261000000] DAT 0xff (cs=0 dc=1)
[1261800000] DAT 0xff (cs=0 dc=1)
[1262600000] DAT 0xff (cs=0 dc=1)
[1263400000] DAT 0xff (cs=0 dc=1)
[1264200000] DAT 0xff (cs=0 dc=1)
[1265000000] DAT 0xff (cs=0 dc=1)
[1265800000] DAT 0xff (cs=0 dc=1)
[1266600000] DAT 0xff (cs=0 dc=1)
[1267400000] DAT 0xff (cs=0 dc=1)
[1268200000] DAT 0xff (cs=0 dc=1)
[1269000000] DAT 0xff (cs=0 dc=1)
[1269800000] DAT 0xff (cs=0 dc=1)
[1270600000] DAT 0xff (cs=0 dc=1)
[1271400000] DAT 0xff (cs=0 dc=1)
[1272200000] DAT 0xff (cs=0 dc=1)
[1273000000] DAT 0xff (cs=0 dc=1)
[1273800000] DAT 0xff (cs=0 dc=1)
[1274600000] DAT 0xff (cs=0 dc=1)
[1275400000] DAT 0xff (cs=0 dc=1)
[1276200000] DAT 0xff (cs=0 dc=1)
[1277000000] DAT 0xff (cs=0 dc=1)
[1277800000] DAT 0xff (cs=0 dc=1)
[1278600000] DAT 0xff (cs=0 dc=1)
[1279400000] DAT 0xff (cs=0 dc=1)
[1280200000] DAT 0xff (cs=0 dc=1)
[1281000000] DAT 0xff (cs=0 dc=1)
[1281800000] DAT 0xff (cs=0 dc=1)
[1282600000] DAT 0xff (cs=0 dc=1)
[1283400000] DAT 0xff (cs=0 dc=1)
[1284200000] DAT 0xff (cs=0 dc=1)
[1285000000] DAT 0xff (cs=0 dc=1)
[1285800000] DAT 0xff (cs=0 dc=1)
[1286600000] DAT 0xff (cs=0 dc=1)
[1287400000] DAT 0xff (cs=0 dc=1)
[1288200000] DAT 0xff (cs=0 dc=1)
[1289000000] DAT 0xff (cs=0 dc=1)
[1289800000] DAT 0xff (cs=0 dc=1)
[1290600000] DAT 0xff (cs=0 dc=1)
[1291400000] DAT 0xff (cs=0 dc=1)
[1292200000] DAT 0xff (cs=0 dc=1)
[1293000000] DAT 0xff (cs=0 dc=1)
[1293800000] DAT 0xff (cs=0 dc=1)
[1294600000] DAT 0xff (cs=0 dc=1)
[1295400000] DAT 0xff (cs=0 dc=1)
[1296200000] DAT 0xff (cs=0 dc=1)
[1297000000] DAT 0xff (cs=0 dc=1)
[1297800000] DAT 0xff (cs=0 dc=1)
[1298600000] DAT 0xff (cs=0 dc=1)
[1299400000] DAT 0xff (cs=0 dc=1)
[1300200000] DAT 0xff (cs=0 dc=1)
[1301000000] DAT 0xff (cs=0 dc=1)
[1301800000] DAT 0xff (cs=0 dc=1)
[1302600000] DAT 0xff (cs=0 dc=1)
[1303400000] DAT 0xff (cs=0 dc=1)
[1304200000] DAT 0xff (cs=0 dc=1)
[1305000000] DAT 0xff (cs=0 dc=1)
[1305800000] DAT 0xff (cs=0 dc=1)
[1306600000] DAT 0xff (cs=0 dc=1)
[1307400000] DAT 0xff (cs=0 dc=1)
[1308200000] DAT 0xff (cs=0 dc=1)
[1309000000] DAT 0xff (cs=0 dc=1)
[1309800000] DAT 0xff (cs=0 dc=1)
[1310600000] DAT 0xff (cs=0 dc=1)
[1311400000] DAT 0xff (cs=0 dc=1)
[1312200000] DAT 0xff (cs=0 dc=1)
[1313000000] DAT 0xff (cs=0 dc=1)
[1313800000] DAT 0xff (cs=0 dc=1)
[1314600000] DAT 0xff (cs=0 dc=1)
[1315400000] DAT 0xff (cs=0 dc=1)
[1316200000] DAT 0xff (cs=0 dc=1)
[1317000000] DAT 0xff (cs=0 dc=1)
[1317800000] DAT 0xff (cs=0 dc=1)
[1318600000] DAT 0xff (cs=0 dc=1)
[1319400000] DAT 0xff (cs=0 dc=1)
[1320200000] DAT 0xff (cs=0 dc=1)
[1321000000] DAT 0xff (cs=0 dc=1)
[1321800000] DAT 0xff (cs=0 dc=1)
[1322600000] DAT 0xff (cs=0 dc=1)
[1323400000] DAT 0xff (cs=0 dc=1)
[1324200000] DAT 0xff (cs=0 dc=1)
[1325000000] DAT 0xff (cs=0 dc=1)
[1325800000] DAT 0xff (cs=0 dc=1)
[1326600000] DAT 0xff (cs=0 dc=1)
[1327400000] DAT 0xff (cs=0 dc=1)
[1328200000] DAT 0xff (cs=0 dc=1)
[1329000000] DAT 0xff (cs=0 dc=1)
[1329800000] DAT 0xff (cs=0 dc=1)
[1330600000] DAT 0xff (cs=0 dc=1)
[1331400000] DAT 0xff (cs=0 dc=1)
[1332200000] DAT 0xff (cs=0 dc=1)
[1333000000] DAT 0xff (cs=0 dc=1)
[1333800000] DAT 0xff (cs=0 dc=1)
[1334600000] DAT 0xff (cs=0 dc=1)
[1335400000] DAT 0xff (cs=0 dc=1)
[1336200000] DAT 0xff (cs=0 dc=1)
[1337000000] DAT 0xff (cs=0 dc=1)
[1337800000] DAT 0xff (cs=0 dc=1)
[1338600000] DAT 0xff (cs=0 dc=1)
[1339400000] DAT 0xff (cs=0 dc=1)
[1340200000] DAT 0xff (cs=0 dc=1)
[1341000000] DAT 0xff (cs=0 dc=1)
[1341800000] DAT 0xff (cs=0 dc=1)
[1342600000] DAT 0xff (cs=0 dc=1)
[1343400000] DAT 0xff (cs=0 dc=1)
[1344200000] DAT 0xff (cs=0 dc=1)
[1345000000] DAT 0xff (cs=0 dc=1)
[1345800000] DAT 0xff (cs=0 dc=1)
[1346600000] DAT 0xff (cs=0 dc=1)
[1347400000] DAT 0xff (cs=0 dc=1)
[1348200000] DAT 0xff (cs=0 dc=1)
[1349000000] DAT 0xff (cs=0 dc=1)
[1349800000] DAT 0xff (cs=0 dc=1)
[1350600000] DAT 0xff (cs=0 dc=1)
[1351400000] DAT 0xff (cs=0 dc=1)
[1352200000] DAT 0xff (cs=0 dc=1)
[1353000000] DAT 0xff (cs=0 dc=1)
[1353800000] DAT 0xff (cs=0 dc=1)
[1354600000] DAT 0xff (cs=0 dc=1)
[1355400000] DAT 0xff (cs=0 dc=1)
[1356200000] DAT 0xff (cs=0 dc=1)
[1357000000] DAT 0xff (cs=0 dc=1)
[1357800000] DAT 0xff (cs=0 dc=1)
[1358600000] DAT 0xff (cs=0 dc=1)
[1359400000] DAT 0xff (cs=0 dc=1)
[1360200000] DAT 0xff (cs=0 dc=1)
[1361000000] DAT 0xff (cs=0 dc=1)
[1361800000] DAT 0xff (cs=0 dc=1)
[1362600000] DAT 0xff (cs=0 dc=1)
[1363400000] DAT 0xff (cs=0 dc=1)
[1364200000] DAT 0xff (cs=0 dc=1)
[1365000000] DAT 0xff (cs=0 dc=1)
[1365800000] DAT 0xff (cs=0 dc=1)
[1366600000] DAT 0xff (cs=0 dc=1)
[1367400000] DAT 0xff (cs=0 dc=1)
[1368200000] DAT 0xff (cs=0 dc=1)
[1369000000] DAT 0xff (cs=0 dc=1)
[1369800000] DAT 0xff (cs=0 dc=1)
[1370600000] DAT 0xff (cs=0 dc=1)
[1371400000] DAT 0xff (cs=0 dc=1)
[1372200000] DAT 0xff (cs=0 dc=1)
[1373000000] DAT 0xff (cs=0 dc=1)
[1373800000] DAT 0xff (cs=0 dc=1)
[1374600000] DAT 0xff (cs=0 dc=1)
[1375400000] DAT 0xff (cs=0 dc=1)
[1376200000] DAT 0xff (cs=0 dc=1)
[1377000000] DAT 0xff (cs=0 dc=1)
[1377800000] DAT 0xff (cs=0 dc=1)
[1378600000] DAT 0xff (cs=0 dc=1)
[1379400000] DAT 0xff (cs=0 dc=1)
[1380200000] DAT 0xff (cs=0 dc=1)
[1381000000] DAT 0xff (cs=0 dc=1)
[1381800000] DAT 0xff (cs=0 dc=1)
[1382600000] DAT 0xff (cs=0 dc=1)
[1383400000] DAT 0xff (cs=0 dc=1)
[1384200000] DAT 0xff (cs=0 dc=1)
[1385000000] DAT 0xff (cs=0 dc=1)
[1385800000] DAT 0xff (cs=0 dc=1)
[1386600000] DAT 0xff (cs=0 dc=1)
[1387400000] DAT 0xff (cs=0 dc=1)
[1388200000] DAT 0xff (cs=0 dc=1)
[1389000000] DAT 0xff (cs=0 dc=1)
[1389800000] DAT 0xff (cs=0 dc=1)
[1390600000] DAT 0xff (cs=0 dc=1)
[1391400000] DAT 0xff (cs=0 dc=1)
[1392200000] DAT 0xff (cs=0 dc=1)
[1393000000] DAT 0xff (cs=0 dc=1)
[1393800000] DAT 0xff (cs=0 dc=1)
[1394600000] DAT 0xff (cs=0 dc=1)
[1395400000] DAT 0xff (cs=0 dc=1)
[1396200000] DAT 0xff (cs=0 dc=1)
[1397000000] DAT 0xff (cs=0 dc=1)
[1397800000] DAT 0xff (cs=0 dc=1)
[1398600000] DAT 0xff (cs=0 dc=1)
[1399400000] DAT 0xff (cs=0 dc=1)
[1400200000] DAT 0xff (cs=0 dc=1)
[1401000000] DAT 0xff (cs=0 dc=1)
[1401800000] DAT 0xff (cs=0 dc=1)
[1402600000] DAT 0xff (cs=0 dc=1)
[1403400000] DAT 0xff (cs=0 dc=1)
[1404200000] DAT 0xff (cs=0 dc=1)
[1405000000] DAT 0xff (cs=0 dc=1)
[1405800000] DAT 0xff (cs=0 dc=1)
[1406600000] DAT 0xff (cs=0 dc=1)
[1407400000] DAT 0xff (cs=0 dc=1)
[1408200000] DAT 0xff (cs=0 dc=1)
[1409000000] DAT 0xff (cs=0 dc=1)
[1409800000] DAT 0xff (cs=0 dc=1)
[1410600000] DAT 0xff (cs=0 dc=1)
[1411400000] DAT 0xff (cs=0 dc=1)
[1412200000] DAT 0xff (cs=0 dc=1)
[1413000000] DAT 0xff (cs=0 dc=1)
[1413800000] DAT 0xff (cs=0 dc=1)
[1414600000] DAT 0xff (cs=0 dc=1)
[1415400000] DAT 0xff (cs=0 dc=1)
[1416200000] DAT 0xff (cs=0 dc=1)
[1417000000] DAT 0xff (cs=0 dc=1)
[1417800000] DAT 0xff (cs=0 dc=1)
[1418600000] DAT 0xff (cs=0 dc=1)
[1419400000] DAT 0xff (cs=0 dc=1)
[1420200000] DAT 0xff (cs=0 dc=1)
[1421000000] DAT 0xff (cs=0 dc=1)
[1421800000] DAT 0xff (cs=0 dc=1)
[1422600000] DAT 0xff (cs=0 dc=1)
[1423400000] DAT 0xff (cs=0 dc=1)
[1424200000] DAT 0xff (cs=0 dc=1)
[1425000000] DAT 0xff (cs=0 dc=1)
[1425800000] DAT 0xff (cs=0 dc=1)
[1426600000] DAT 0xff (cs=0 dc=1)
[1427400000] DAT 0xff (cs=0 dc=1)
[1428200000] DAT 0xff (cs=0 dc=1)
[1429000000] DAT 0xff (cs=0 dc=1)
[1429800000] DAT 0xff (cs=0 dc=1)
[1430600000] DAT 0xff (cs=0 dc=1)
[1431400000] DAT 0xff (cs=0 dc=1)
[1432200000] DAT 0xff (cs=0 dc=1)
[1433000000] DAT 0xff (cs=0 dc=1)
[1433800000] DAT 0xff (cs=0 dc=1)
[1434600000] DAT 0xff (cs=0 dc=1)
[1435400000] DAT 0xff (cs=0 dc=1)
[1436200000] DAT 0xff (cs=0 dc=1)
[1437000000] DAT 0xff (cs=0 dc=1)
[1437800000] DAT 0xff (cs=0 dc=1)
[1438600000] DAT 0xff (cs=0 dc=1)
[1439400000] DAT 0xff (cs=0 dc=1)
[1440200000] DAT 0xff (cs=0 dc=1)
[1441000000] DAT 0xff (cs=0 dc=1)
[1441800000] DAT 0xff (cs=0 dc=1)
[1442600000] DAT 0xff (cs=0 dc=1)
[1443400000] DAT 0xff (cs=0 dc=1)
[1444200000] DAT 0xff (cs=0 dc=1)
[1445000000] DAT 0xff (cs=0 dc=1)
[1445800000] DAT 0xff (cs=0 dc=1)
[1446600000] DAT 0xff (cs=0 dc=1)
[1447400000] DAT 0xff (cs=0 dc=1)
[1448200000] DAT 0xff (cs=0 dc=1)
[1449000000] DAT 0xff (cs=0 dc=1)
[1449800000] DAT 0xff (cs=0 dc=1)
[1450600000] DAT 0xff (cs=0 dc=1)
[1451400000] DAT 0xff (cs=0 dc=1)
[1452200000] DAT 0xff (cs=0 dc=1)
[1453000000] DAT 0xff (cs=0 dc=1)
[1453800000] DAT 0xff (cs=0 dc=1)
[1454600000] DAT 0xff (cs=0 dc=1)
[1455400000] DAT 0xff (cs=0 dc=1)
[1456200000] DAT 0xff (cs=0 dc=1)
[1457000000] DAT 0xff (cs=0 dc=1)
[1457800000] DAT 0xff (cs=0 dc=1)
[1458600000] DAT 0xff (cs=0 dc=1)
[1459400000] DAT 0xff (cs=0 dc=1)
[1460200000] DAT 0xff (cs=0 dc=1)
[1461000000] DAT 0xff (cs=0 dc=1)
[1461800000] DAT 0xff (cs=0 dc=1)
[1462600000] DAT 0xff (cs=0 dc=1)
[1463400000] DAT 0xff (cs=0 dc=1)
[1464200000] DAT 0xff (cs=0 dc=1)
[1465000000] DAT 0xff (cs=0 dc=1)
[1465800000] DAT 0xff (cs=0 dc=1)
[1466600000] DAT 0xff (cs=0 dc=1)
[1467400000] DAT 0xff (cs=0 dc=1)
[1468200000] DAT 0xff (cs=0 dc=1)
[1469000000] DAT 0xff (cs=0 dc=1)
[1469800000] DAT 0xff (cs=0 dc=1)
[1470600000] DAT 0xff (cs=0 dc=1)
[1471400000] DAT 0xff (cs=0 dc=1)
[1472200000] DAT 0xff (cs=0 dc=1)
[1473000000] DAT 0xff (cs=0 dc=1)
[1473800000] DAT 0xff (cs=0 dc=1)
[1474600000] DAT 0xff (cs=0 dc=1)
[1475400000] DAT 0xff (cs=0 dc=1)
[1476200000] DAT 0xff (cs=0 dc=1)
[1477000000] DAT 0xff (cs=0 dc=1)
[1477800000] DAT 0xff (cs=0 dc=1)
[1478600000] DAT 0xff (cs=0 dc=1)
[1479400000] DAT 0xff (cs=0 dc=1)
[1480200000] DAT 0xff (cs=0 dc=1)
[1481000000] DAT 0xff (cs=0 dc=1)
[1481800000] DAT 0xff (cs=0 dc=1)
[1482600000] DAT 0xff (cs=0 dc=1)
[1483400000] DAT 0xff (cs=0 dc=1)
[1484200000] DAT 0xff (cs=0 dc=1)
[1485000000] DAT 0xff (cs=0 dc=1)
[1485800000] DAT 0xff (cs=0 dc=1)
[1486600000] DAT 0xff (cs=0 dc=1)
[1487400000] DAT 0xff (cs=0 dc=1)
[1488200000] DAT 0xff (cs=0 dc=1)
[1489000000] DAT 0xff (cs=0 dc=1)
[1489800000] DAT 0xff (cs=0 dc=1)
[1490600000] DAT 0xff (cs=0 dc=1)
[1491400000] DAT 0xff (cs=0 dc=1)
[1492200000] DAT 0xff (cs=0 dc=1)
[1493000000] DAT 0xff (cs=0 dc=1)
[1493800000] DAT 0xff (cs=0 dc=1)
[1494600000] DAT 0xff (cs=0 dc=1)
[1495400000] DAT 0xff (cs=0 dc=1)
[1496200000] DAT 0xff (cs=0 dc=1)
[1497000000] DAT 0xff (cs=0 dc=1)
[1497800000] DAT 0xff (cs=0 dc=1)
[1498600000] DAT 0xff (cs=0 dc=1)
[1499400000] DAT 0xff (cs=0 dc=1)
[1500200000] DAT 0xff (cs=0 dc=1)
[1501000000] DAT 0xff (cs=0 dc=1)
[1501800000] DAT 0xff (cs=0 dc=1)
[1502600000] DAT 0xff (cs=0 dc=1)
[1503400000] DAT 0xff (cs=0 dc=1)
[1504200000] DAT 0xff (cs=0 dc=1)
[1505000000] DAT 0xff (cs=0 dc=1)
[1505800000] DAT 0xff (cs=0 dc=1)
[1506600000] DAT 0xff (cs=0 dc=1)
[1507400000] DAT 0xff (cs=0 dc=1)
[1508200000] DAT 0xff (cs=0 dc=1)
[1509000000] DAT 0xff (cs=0 dc=1)
[1509800000] DAT 0xff (cs=0 dc=1)
[1510600000] DAT 0xff (cs=0 dc=1)
[1511400000] DAT 0xff (cs=0 dc=1)
[1512200000] DAT 0xff (cs=0 dc=1)
[1513000000] DAT 0xff (cs=0 dc=1)
[1513800000] DAT 0xff (cs=0 dc=1)
[1514600000] DAT 0xff (cs=0 dc=1)
[1515400000] DAT 0xff (cs=0 dc=1)
[1516200000] DAT 0xff (cs=0 dc=1)
[1517000000] DAT 0xff (cs=0 dc=1)
[1517800000] DAT 0xff (cs=0 dc=1)
[1518600000] DAT 0xff (cs=0 dc=1)
[1519400000] DAT 0xff (cs=0 dc=1)
[1520200000] DAT 0xff (cs=0 dc=1)
[1521000000] DAT 0xff (cs=0 dc=1)
[1521800000] DAT 0xff (cs=0 dc=1)
[1522600000] DAT 0xff (cs=0 dc=1)
[1523400000] DAT 0xff (cs=0 dc=1)
[1524200000] DAT 0xff (cs=0 dc=1)
[1525000000] DAT 0xff (cs=0 dc=1)
[1525800000] DAT 0xff (cs=0 dc=1)
[1526600000] DAT 0xff (cs=0 dc=1)
[1527400000] DAT 0xff (cs=0 dc=1)
[1528200000] DAT 0xff (cs=0 dc=1)
[1529000000] DAT 0xff (cs=0 dc=1)
[1529800000] DAT 0xff (cs=0 dc=1)
[1530600000] DAT 0xff (cs=0 dc=1)
[1531400000] DAT 0xff (cs=0 dc=1)
[1532200000] DAT 0xff (cs=0 dc=1)
[1533000000] DAT 0xff (cs=0 dc=1)
[1533800000] DAT 0xff (cs=0 dc=1)
[1534600000] DAT 0xff (cs=0 dc=1)
[1535400000] DAT 0xff (cs=0 dc=1)
[1536200000] DAT 0xff (cs=0 dc=1)
[1537000000] DAT 0xff (cs=0 dc=1)
[1537800000] DAT 0xff (cs=0 dc=1)
[1538600000] DAT 0xff (cs=0 dc=1)
[1539400000] DAT 0xff (cs=0 dc=1)
[1540200000] DAT 0xff (cs=0 dc=1)
[1541000000] DAT 0xff (cs=0 dc=1)
[1541800000] DAT 0xff (cs=0 dc=1)
[1542600000] DAT 0xff (cs=0 dc=1)
[1543400000] DAT 0xff (cs=0 dc=1)
[1544200000] DAT 0xff (cs=0 dc=1)
[1545000000] DAT 0xff (cs=0 dc=1)
[1545800000] DAT 0xff (cs=0 dc=1)
[1546600000] DAT 0xff (cs=0 dc=1)
[1547400000] DAT 0xff (cs=0 dc=1)
[1548200000] DAT 0xff (cs=0 dc=1)
[1549000000] DAT 0xff (cs=0 dc=1)
[1549800000] DAT 0xff (cs=0 dc=1)
[1550600000] DAT 0xff (cs=0 dc=1)
[1551400000] DAT 0xff (cs=0 dc=1)
[1552200000] DAT 0xff (cs=0 dc=1)
[1553000000] DAT 0xff (cs=0 dc=1)
[1553800000] DAT 0xff (cs=0 dc=1)
[1554600000] DAT 0xff (cs=0 dc=1)
[1555400000] DAT 0xff (cs=0 dc=1)
[1556200000] DAT 0xff (cs=0 dc=1)
[1557000000] DAT 0xff (cs=0 dc=1)
[1557800000] DAT 0xff (cs=0 dc=1)
[1558600000] DAT 0xff (cs=0 dc=1)
[1559400000] DAT 0xff (cs=0 dc=1)
[1560200000] DAT 0xff (cs=0 dc=1)
[1561000000] DAT 0xff (cs=0 dc=1)
[1561800000] DAT 0xff (cs=0 dc=1)
[1562600000] DAT 0xff (cs=0 dc=1)
[1563400000] DAT 0xff (cs=0 dc=1)
[1564200000] DAT 0xff (cs=0 dc=1)
[1565000000] DAT 0xff (cs=0 dc=1)
[1565800000] DAT 0xff (cs=0 dc=1)
[1566600000] DAT 0xff (cs=0 dc=1)
[1567400000] DAT 0xff (cs=0 dc=1)
[1568200000] DAT 0xff (cs=0 dc=1)
[1569000000] DAT 0xff (cs=0 dc=1)
[1569800000] DAT 0xff (cs=0 dc=1)
[1570600000] DAT 0xff (cs=0 dc=1)
[1571400000] DAT 0xff (cs=0 dc=1)
[1572200000] DAT 0xff (cs=0 dc=1)
[1573000000] DAT 0xff (cs=0 dc=1)
[1573800000] DAT 0xff (cs=0 dc=1)
[1574600000] DAT 0xff (cs=0 dc=1)
[1575400000] DAT 0xff (cs=0 dc=1)
[1576200000] DAT 0xff (cs=0 dc=1)
[1577000000] DAT 0xff (cs=0 dc=1)
[1577800000] DAT 0xff (cs=0 dc=1)
[1578600000] DAT 0xff (cs=0 dc=1)
[1579400000] DAT 0xff (cs=0 dc=1)
[1580200000] DAT 0xff (cs=0 dc=1)
[1581000000] DAT 0xff (cs=0 dc=1)
[1581800000] DAT 0xff (cs=0 dc=1)
[1582600000] DAT 0xff (cs=0 dc=1)
[1583400000] DAT 0xff (cs=0 dc=1)
[1584200000] DAT 0xff (cs=0 dc=1)
[1585000000] DAT 0xff (cs=0 dc=1)
[1585800000] DAT 0xff (cs=0 dc=1)
[1586600000] DAT 0xff (cs=0 dc=1)
[1587400000] DAT 0xff (cs=0 dc=1)
[1588200000] DAT 0xff (cs=0 dc=1)
[1589000000] DAT 0xff (cs=0 dc=1)
[1589800000] DAT 0xff (cs=0 dc=1)
[1590600000] DAT 0xff (cs=0 dc=1)
[1591400000] DAT 0xff (cs=0 dc=1)
[1592200000] DAT 0xff (cs=0 dc=1)
[1593000000] DAT 0xff (cs=0 dc=1)
[1593800000] DAT 0xff (cs=0 dc=1)
[1594600000] DAT 0xff (cs=0 dc=1)
[1595400000] DAT 0xff (cs=0 dc=1)
[1596200000] DAT 0xff (cs=0 dc=1)
[1597000000] DAT 0xff (cs=0 dc=1)
[1597800000] DAT 0xff (cs=0 dc=1)
[1598600000] DAT 0xff (cs=0 dc=1)
[1599400000] DAT 0xff (cs=0 dc=1)
[1600200000] DAT 0xff (cs=0 dc=1)
[1601000000] DAT 0xff (cs=0 dc=1)
[1601800000] DAT 0xff (cs=0 dc=1)
[1602600000] DAT 0xff (cs=0 dc=1)
[1603400000] DAT 0xff (cs=0 dc=1)
[1604200000] DAT 0xff (cs=0 dc=1)
[1605000000] DAT 0xff (cs=0 dc=1)
[1605800000] DAT 0xff (cs=0 dc=1)
[1606600000] DAT 0xff (cs=0 dc=1)
[1607400000] DAT 0xff (cs=0 dc=1)
[1608200000] DAT 0xff (cs=0 dc=1)
[1609000000] DAT 0xff (cs=0 dc=1)
[1609800000] DAT 0xff (cs=0 dc=1)
[1610600000] DAT 0xff (cs=0 dc=1)
[1611400000] DAT 0xff (cs=0 dc=1)
[1612200000] DAT 0xff (cs=0 dc=1)
[1613000000] DAT 0xff (cs=0 dc=1)
[1613800000] DAT 0xff (cs=0 dc=1)
[1614600000] DAT 0xff (cs=0 dc=1)
[1615400000] DAT 0xff (cs=0 dc=1)
[1616200000] DAT 0xff (cs=0 dc=1)
[1617000000] DAT 0xff (cs=0 dc=1)
[1617800000] DAT 0xff (cs=0 dc=1)
[1618600000] DAT 0xff (cs=0 dc=1)
[1619400000] DAT 0xff (cs=0 dc=1)
[1620200000] DAT 0xff (cs=0 dc=1)
[1621000000] DAT 0xff (cs=0 dc=1)
[1621800000] DAT 0xff (cs=0 dc=1)
[1622600000] DAT 0xff (cs=0 dc=1)
[1623400000] DAT 0xff (cs=0 dc=1)
[1624200000] DAT 0xff (cs=0 dc=1)
[1625000000] DAT 0xff (cs=0 dc=1)
[1625800000] DAT 0xff (cs=0 dc=1)
[1626600000] DAT 0xff (cs=0 dc=1)
[1627400000] DAT 0xff (cs=0 dc=1)
[1628200000] DAT 0xff (cs=0 dc=1)
[1629000000] DAT 0xff (cs=0 dc=1)
[1629800000] DAT 0xff (cs=0 dc=1)
[1630600000] DAT 0xff (cs=0 dc=1)
[1631400000] DAT 0xff (cs=0 dc=1)
[1632200000] DAT 0xff (cs=0 dc=1)
[1633000000] DAT 0xff (cs=0 dc=1)
[1633800000] DAT 0xff (cs=0 dc=1)
[1634600000] DAT 0xff (cs=0 dc=1)
[1635400000] DAT 0xff (cs=0 dc=1)
[1636200000] DAT 0xff (cs=0 dc=1)
[1637000000] DAT 0xff (cs=0 dc=1)
[1637800000] DAT 0xff (cs=0 dc=1)
[1638600000] DAT 0xff (cs=0 dc=1)
[1639400000] DAT 0xff (cs=0 dc=1)
[1640200000] DAT 0xff (cs=0 dc=1)
[1641000000] DAT 0xff (cs=0 dc=1)
[1641800000] DAT 0xff (cs=0 dc=1)
[1642600000] DAT 0xff (cs=0 dc=1)
[1643400000] DAT 0xff (cs=0 dc=1)
[1644200000] DAT 0xff (cs=0 dc=1)
[1645000000] DAT 0xff (cs=0 dc=1)
[1645800000] DAT 0xff (cs=0 dc=1)
[1646600000] DAT 0xff (cs=0 dc=1)
[1647400000] DAT 0xff (cs=0 dc=1)
[1648200000] DAT 0xff (cs=0 dc=1)
[1649000000] DAT 0xff (cs=0 dc=1)
[1649800000] DAT 0xff (cs=0 dc=1)
[1650600000] DAT 0xff (cs=0 dc=1)
[1651400000] DAT 0xff (cs=0 dc=1)
[1652200000] DAT 0xff (cs=0 dc=1)
[1653000000] DAT 0xff (cs=0 dc=1)
[1653800000] DAT 0xff (cs=0 dc=1)
[1654600000] DAT 0xff (cs=0 dc=1)
[1655400000] DAT 0xff (cs=0 dc=1)
[1656200000] DAT 0xff (cs=0 dc=1)
[1657000000] DAT 0xff (cs=0 dc=1)
[1657800000] DAT 0xff (cs=0 dc=1)
[1658600000] DAT 0xff (cs=0 dc=1)
[1659400000] DAT 0xff (cs=0 dc=1)
[1660200000] DAT 0xff (cs=0 dc=1)
[1661000000] DAT 0xff (cs=0 dc=1)
[1661800000] DAT 0xff (cs=0 dc=1)
[1662600000] DAT 0xff (cs=0 dc=1)
[1663400000] DAT 0xff (cs=0 dc=1)
[1664200000] DAT 0xff (cs=0 dc=1)
[1665000000] DAT 0xff (cs=0 dc=1)
[1665800000] DAT 0xff (cs=0 dc=1)
[1666600000] DAT 0xff (cs=0 dc=1)
[1667400000] DAT 0xff (cs=0 dc=1)
[1668200000] DAT 0xff (cs=0 dc=1)
[1669000000] DAT 0xff (cs=0 dc=1)
[1669800000] DAT 0xff (cs=0 dc=1)
[1670600000] DAT 0xff (cs=0 dc=1)
[1671400000] DAT 0xff (cs=0 dc=1)
[1672200000] DAT 0xff (cs=0 dc=1)
[1673000000] DAT 0xff (cs=0 dc=1)
[1673800000] DAT 0xff (cs=0 dc=1)
[1674600000] DAT 0xff (cs=0 dc=1)
[1675400000] DAT 0xff (cs=0 dc=1)
[1676200000] DAT 0xff (cs=0 dc=1)
[1677000000] DAT 0xff (cs=0 dc=1)
[1677800000] DAT 0xff (cs=0 dc=1)
[1678600000] DAT 0xff (cs=0 dc=1)
[1679400000] DAT 0xff (cs=0 dc=1)
[1680200000] DAT 0xff (cs=0 dc=1)
[1681000000] DAT 0xff (cs=0 dc=1)
[1681800000] DAT 0xff (cs=0 dc=1)
[1682600000] DAT 0xff (cs=0 dc=1)
[1683400000] DAT 0xff (cs=0 dc=1)
[1684200000] DAT 0xff (cs=0 dc=1)
[1685000000] DAT 0xff (cs=0 dc=1)
[1685800000] DAT 0xff (cs=0 dc=1)
[1686600000] DAT 0xff (cs=0 dc=1)
[1687400000] DAT 0xff (cs=0 dc=1)
[1688200000] DAT 0xff (cs=0 dc=1)
[1689000000] DAT 0xff (cs=0 dc=1)
[1689800000] DAT 0xff (cs=0 dc=1)
[1690600000] DAT 0xff (cs=0 dc=1)
[1691400000] DAT 0xff (cs=0 dc=1)
[1692200000] DAT 0xff (cs=0 dc=1)
[1693000000] DAT 0xff (cs=0 dc=1)
[1693800000] DAT 0xff (cs=0 dc=1)
[1694600000] DAT 0xff (cs=0 dc=1)
[1695400000] DAT 0xff (cs=0 dc=1)
[1696200000] DAT 0xff (cs=0 dc=1)
[1697000000] DAT 0xff (cs=0 dc=1)
[1697800000] DAT 0xff (cs=0 dc=1)
[1698600000] DAT 0xff (cs=0 dc=1)
[1699400000] DAT 0xff (cs=0 dc=1)
[1700200000] DAT 0xff (cs=0 dc=1)
[1701000000] DAT 0xff (cs=0 dc=1)
[1701800000] DAT 0xff (cs=0 dc=1)
[1702600000] DAT 0xff (cs=0 dc=1)
[1703400000] DAT 0xff (cs=0 dc=1)
[1704200000] DAT 0xff (cs=0 dc=1)
[1705000000] DAT 0xff (cs=0 dc=1)
[1705800000] DAT 0xff (cs=0 dc=1)
[1706600000] DAT 0xff (cs=0 dc=1)
[1707400000] DAT 0xff (cs=0 dc=1)
[1708200000] DAT 0xff (cs=0 dc=1)
[1709000000] DAT 0xff (cs=0 dc=1)
[1709800000] DAT 0xff (cs=0 dc=1)
[1710600000] DAT 0xff (cs=0 dc=1)
[1711400000] DAT 0xff (cs=0 dc=1)
[1712200000] DAT 0xff (cs=0 dc=1)
[1713000000] DAT 0xff (cs=0 dc=1)
[1713800000] DAT 0xff (cs=0 dc=1)
[1714600000] DAT 0xff (cs=0 dc=1)
[1715400000] DAT 0xff (cs=0 dc=1)
[1716200000] DAT 0xff (cs=0 dc=1)
[1717000000] DAT 0xff (cs=0 dc=1)
[1717800000] DAT 0xff (cs=0 dc=1)
[1718600000] DAT 0xff (cs=0 dc=1)
[1719400000] DAT 0xff (cs=0 dc=1)
[1720200000] DAT 0xff (cs=0 dc=1)
[1721000000] DAT 0xff (cs=0 dc=1)
[1721800000] DAT 0xff (cs=0 dc=1)
[1722600000] DAT 0xff (cs=0 dc=1)
[1723400000] DAT 0xff (cs=0 dc=1)
[1724200000] DAT 0xff (cs=0 dc=1)
[1725000000] DAT 0xff (cs=0 dc=1)
[1725800000] DAT 0xff (cs=0 dc=1)
[1726600000] DAT 0xff (cs=0 dc=1)
[1727400000] DAT 0xff (cs=0 dc=1)
[1728200000] DAT 0xff (cs=0 dc=1)
[1729000000] DAT 0xff (cs=0 dc=1)
[1729800000] DAT 0xff (cs=0 dc=1)
[1730600000] DAT 0xff (cs=0 dc=1)
[1731400000] DAT 0xff (cs=0 dc=1)
[1732200000] DAT 0xff (cs=0 dc=1)
[1733000000] DAT 0xff (cs=0 dc=1)
[1733800000] DAT 0xff (cs=0 dc=1)
[1734600000] DAT 0xff (cs=0 dc=1)
[1735400000] DAT 0xff (cs=0 dc=1)
[1736200000] DAT 0xff (cs=0 dc=1)
[1737000000] DAT 0xff (cs=0 dc=1)
[1737800000] DAT 0xff (cs=0 dc=1)
[1738600000] DAT 0xff (cs=0 dc=1)
[1739400000] DAT 0xff (cs=0 dc=1)
[1740200000] DAT 0xff (cs=0 dc=1)
[1741000000] DAT 0xff (cs=0 dc=1)
[1741800000] DAT 0xff (cs=0 dc=1)
[1742600000] DAT 0xff (cs=0 dc=1)
[1743400000] DAT 0xff (cs=0 dc=1)
[1744200000] DAT 0xff (cs=0 dc=1)
[1745000000] DAT 0xff (cs=0 dc=1)
[1745800000] DAT 0xff (cs=0 dc=1)
[1746600000] DAT 0xff (cs=0 dc=1)
[1747400000] DAT 0xff (cs=0 dc=1)
[1748200000] DAT 0xff (cs=0 dc=1)
[1749000000] DAT 0xff (cs=0 dc=1)
[1749800000] DAT 0xff (cs=0 dc=1)
[1750600000] DAT 0xff (cs=0 dc=1)
[1751400000] DAT 0xff (cs=0 dc=1)
[1752200000] DAT 0xff (cs=0 dc=1)
[1753000000] DAT 0xff (cs=0 dc=1)
[1753800000] DAT 0xff (cs=0 dc=1)
[1754600000] DAT 0xff (cs=0 dc=1)
[1755400000] DAT 0xff (cs=0 dc=1)
[1756200000] DAT 0xff (cs=0 dc=1)
[1757000000] DAT 0xff (cs=0 dc=1)
[1757800000] DAT 0xff (cs=0 dc=1)
[1758600000] DAT 0xff (cs=0 dc=1)
[1759400000] DAT 0xff (cs=0 dc=1)
[1760200000] DAT 0xff (cs=0 dc=1)
[1761000000] DAT 0xff (cs=0 dc=1)
[1761800000] DAT 0xff (cs=0 dc=1)
[1762600000] DAT 0xff (cs=0 dc=1)
[1763400000] DAT 0xff (cs=0 dc=1)
[1764200000] DAT 0xff (cs=0 dc=1)
[1765000000] DAT 0xff (cs=0 dc=1)
[1765800000] DAT 0xff (cs=0 dc=1)
[1766600000] DAT 0xff (cs=0 dc=1)
[1767400000] DAT 0xff (cs=0 dc=1)
[1768200000] DAT 0xff (cs=0 dc=1)
[1769000000] DAT 0xff (cs=0 dc=1)
[1769800000] DAT 0xff (cs=0 dc=1)
[1770600000] DAT 0xff (cs=0 dc=1)
[1771400000] DAT 0xff (cs=0 dc=1)
[1772200000] DAT 0xff (cs=0 dc=1)
[1773000000] DAT 0xff (cs=0 dc=1)
[1773800000] DAT 0xff (cs=0 dc=1)
[1774600000] DAT 0xff (cs=0 dc=1)
[1775400000] DAT 0xff (cs=0 dc=1)
[1776200000] DAT 0xff (cs=0 dc=1)
[1777000000] DAT 0xff (cs=0 dc=1)
[1777800000] DAT 0xff (cs=0 dc=1)
[1778600000] DAT 0xff (cs=0 dc=1)
[1779400000] DAT 0xff (cs=0 dc=1)
[1780200000] DAT 0xff (cs=0 dc=1)
[1781000000] DAT 0xff (cs=0 dc=1)
[1781800000] DAT 0xff (cs=0 dc=1)
[1782600000] DAT 0xff (cs=0 dc=1)
[1783400000] DAT 0xff (cs=0 dc=1)
[1784200000] DAT 0xff (cs=0 dc=1)
[1785000000] DAT 0xff (cs=0 dc=1)
[1785800000] DAT 0xff (cs=0 dc=1)
[1786600000] DAT 0xff (cs=0 dc=1)
[1787400000] DAT 0xff (cs=0 dc=1)
[1788200000] DAT 0xff (cs=0 dc=1)
[1789000000] DAT 0xff (cs=0 dc=1)
[1789800000] DAT 0xff (cs=0 dc=1)
[1790600000] DAT 0xff (cs=0 dc=1)
[1791400000] DAT 0xff (cs=0 dc=1)
[1792200000] DAT 0xff (cs=0 dc=1)
[1793000000] DAT 0xff (cs=0 dc=1)
[1793800000] DAT 0xff (cs=0 dc=1)
[1794600000] DAT 0xff (cs=0 dc=1)
[1795400000] DAT 0xff (cs=0 dc=1)
[1796200000] DAT 0xff (cs=0 dc=1)
[1797000000] DAT 0xff (cs=0 dc=1)
[1797800000] DAT 0xff (cs=0 dc=1)
[1798600000] DAT 0xff (cs=0 dc=1)
[1799400000] DAT 0xff (cs=0 dc=1)
[1800200000] DAT 0xff (cs=0 dc=1)
[1801000000] DAT 0xff (cs=0 dc=1)
[1801800000] DAT 0xff (cs=0 dc=1)
[1802600000] DAT 0xff (cs=0 dc=1)
[1803400000] DAT 0xff (cs=0 dc=1)
[1804200000] DAT 0xff (cs=0 dc=1)
[1805000000] DAT 0xff (cs=0 dc=1)
[1805800000] DAT 0xff (cs=0 dc=1)
[1806600000] DAT 0xff (cs=0 dc=1)
[1807400000] DAT 0xff (cs=0 dc=1)
[1808200000] DAT 0xff (cs=0 dc=1)
[1809000000] DAT 0xff (cs=0 dc=1)
[1809800000] DAT 0xff (cs=0 dc=1)
[1810600000] DAT 0xff (cs=0 dc=1)
[1811400000] DAT 0xff (cs=0 dc=1)
[1812200000] DAT 0xff (cs=0 dc=1)
[1813000000] DAT 0xff (cs=0 dc=1)
[1813800000] DAT 0xff (cs=0 dc=1)
[1814600000] DAT 0xff (cs=0 dc=1)
[1815400000] DAT 0xff (cs=0 dc=1)
[1816200000] DAT 0xff (cs=0 dc=1)
[1817000000] DAT 0xff (cs=0 dc=1)
[1817800000] DAT 0xff (cs=0 dc=1)
[1818600000] DAT 0xff (cs=0 dc=1)
[1819400000] DAT 0xff (cs=0 dc=1)
[1820200000] DAT 0xff (cs=0 dc=1)
[1821000000] DAT 0xff (cs=0 dc=1)
[1821800000] DAT 0xff (cs=0 dc=1)
[1822600000] DAT 0xff (cs=0 dc=1)
[1823400000] DAT 0xff (cs=0 dc=1)
[1824200000] DAT 0xff (cs=0 dc=1)
[1825000000] DAT 0xff (cs=0 dc=1)
[1825800000] DAT 0xff (cs=0 dc=1)
[1826600000] DAT 0xff (cs=0 dc=1)
[1827400000] DAT 0xff (cs=0 dc=1)
[1828200000] DAT 0xff (cs=0 dc=1)
[1829000000] DAT 0xff (cs=0 dc=1)
[1829800000] DAT 0xff (cs=0 dc=1)
[1830600000] DAT 0xff (cs=0 dc=1)
[1831400000] DAT 0xff (cs=0 dc=1)
[1832200000] DAT 0xff (cs=0 dc=1)
[1833000000] DAT 0xff (cs=0 dc=1)
[1833800000] DAT 0xff (cs=0 dc=1)
[1834600000] DAT 0xff (cs=0 dc=1)
[1835400000] DAT 0xff (cs=0 dc=1)
[1836200000] DAT 0xff (cs=0 dc=1)
[1837000000] DAT 0xff (cs=0 dc=1)
[1837800000] DAT 0xff (cs=0 dc=1)
[1838600000] DAT 0xff (cs=0 dc=1)
[1839400000] DAT 0xff (cs=0 dc=1)
[1840200000] DAT 0xff (cs=0 dc=1)
[1841000000] DAT 0xff (cs=0 dc=1)
[1841800000] DAT 0xff (cs=0 dc=1)
[1842600000] DAT 0xff (cs=0 dc=1)
[1843400000] DAT 0xff (cs=0 dc=1)
[1844200000] DAT 0xff (cs=0 dc=1)
[1845000000] DAT 0xff (cs=0 dc=1)
[1845800000] DAT 0xff (cs=0 dc=1)
[1846600000] DAT 0xff (cs=0 dc=1)
[1847400000] DAT 0xff (cs=0 dc=1)
[1848200000] DAT 0xff (cs=0 dc=1)
[1849000000] DAT 0xff (cs=0 dc=1)
[1849800000] DAT 0xff (cs=0 dc=1)
[1850600000] DAT 0xff (cs=0 dc=1)
[1851400000] DAT 0xff (cs=0 dc=1)
[1852200000] DAT 0xff (cs=0 dc=1)
[1853000000] DAT 0xff (cs=0 dc=1)
[1853800000] DAT 0xff (cs=0 dc=1)
[1854600000] DAT 0xff (cs=0 dc=1)
[1855400000] DAT 0xff (cs=0 dc=1)
[1856200000] DAT 0xff (cs=0 dc=1)
[1857000000] DAT 0xff (cs=0 dc=1)
[1857800000] DAT 0xff (cs=0 dc=1)
[1858600000] DAT 0xff (cs=0 dc=1)
[1859400000] DAT 0xff (cs=0 dc=1)
[1860200000] DAT 0xff (cs=0 dc=1)
[1861000000] DAT 0xff (cs=0 dc=1)
[1861800000] DAT 0xff (cs=0 dc=1)
[1862600000] DAT 0xff (cs=0 dc=1)
[1863400000] DAT 0xff (cs=0 dc=1)
[1864200000] DAT 0xff (cs=0 dc=1)
[1865000000] DAT 0xff (cs=0 dc=1)
[1865800000] DAT 0xff (cs=0 dc=1)
[1866600000] DAT 0xff (cs=0 dc=1)
[1867400000] DAT 0xff (cs=0 dc=1)
[1868200000] DAT 0xff (cs=0 dc=1)
[1869000000] DAT 0xff (cs=0 dc=1)
[1869800000] DAT 0xff (cs=0 dc=1)
[1870600000] DAT 0xff (cs=0 dc=1)
[1871400000] DAT 0xff (cs=0 dc=1)
[1872200000] DAT 0xff (cs=0 dc=1)
[1873000000] DAT 0xff (cs=0 dc=1)
[1873800000] DAT 0xff (cs=0 dc=1)
[1874600000] DAT 0xff (cs=0 dc=1)
[1875400000] DAT 0xff (cs=0 dc=1)
[1876200000] DAT 0xff (cs=0 dc=1)
[1877000000] DAT 0xff (cs=0 dc=1)
[1877800000] DAT 0xff (cs=0 dc=1)
[1878600000] DAT 0xff (cs=0 dc=1)
[1879400000] DAT 0xff (cs=0 dc=1)
[1880200000] DAT 0xff (cs=0 dc=1)
[1881000000] DAT 0xff (cs=0 dc=1)
[1881800000] DAT 0xff (cs=0 dc=1)
[1882600000] DAT 0xff (cs=0 dc=1)
[1883400000] DAT 0xff (cs=0 dc=1)
[1884200000] DAT 0xff (cs=0 dc=1)
[1885000000] DAT 0xff (cs=0 dc=1)
[1885800000] DAT 0xff (cs=0 dc=1)
[1886600000] DAT 0xff (cs=0 dc=1)
[1887400000] DAT 0xff (cs=0 dc=1)
[1888200000] DAT 0xff (cs=0 dc=1)
[1889000000] DAT 0xff (cs=0 dc=1)
[1889800000] DAT 0xff (cs=0 dc=1)
[1890600000] DAT 0xff (cs=0 dc=1)
[1891400000] DAT 0xff (cs=0 dc=1)
[1892200000] DAT 0xff (cs=0 dc=1)
[1893000000] DAT 0xff (cs=0 dc=1)
[1893800000] DAT 0xff (cs=0 dc=1)
[1894600000] DAT 0xff (cs=0 dc=1)
[1895400000] DAT 0xff (cs=0 dc=1)
[1896200000] DAT 0xff (cs=0 dc=1)
[1897000000] DAT 0xff (cs=0 dc=1)
[1897800000] DAT 0xff (cs=0 dc=1)
[1898600000] DAT 0xff (cs=0 dc=1)
[1899400000] DAT 0xff (cs=0 dc=1)
[1900200000] DAT 0xff (cs=0 dc=1)
[1901000000] DAT 0xff (cs=0 dc=1)
[1901800000] DAT 0xff (cs=0 dc=1)
[1902600000] DAT 0xff (cs=0 dc=1)
[1903400000] DAT 0xff (cs=0 dc=1)
[1904200000] DAT 0xff (cs=0 dc=1)
[1905000000] DAT 0xff (cs=0 dc=1)
[1905800000] DAT 0xff (cs=0 dc=1)
[1906600000] DAT 0xff (cs=0 dc=1)
[1907400000] DAT 0xff (cs=0 dc=1)
[1908200000] DAT 0xff (cs=0 dc=1)
[1909000000] DAT 0xff (cs=0 dc=1)
[1909800000] DAT 0xff (cs=0 dc=1)
[1910600000] DAT 0xff (cs=0 dc=1)
[1911400000] DAT 0xff (cs=0 dc=1)
[1912200000] DAT 0xff (cs=0 dc=1)
[1913000000] DAT 0xff (cs=0 dc=1)
[1913800000] DAT 0xff (cs=0 dc=1)
[1914600000] DAT 0xff (cs=0 dc=1)
[1915400000] DAT 0xff (cs=0 dc=1)
[1916200000] DAT 0xff (cs=0 dc=1)
[1917000000] DAT 0xff (cs=0 dc=1)
[1917800000] DAT 0xff (cs=0 dc=1)
[1918600000] DAT 0xff (cs=0 dc=1)
[1919400000] DAT 0xff (cs=0 dc=1)
[1920200000] DAT 0xff (cs=0 dc=1)
[1921000000] DAT 0xff (cs=0 dc=1)
[1921800000] DAT 0xff (cs=0 dc=1)
[1922600000] DAT 0xff (cs=0 dc=1)
[1923400000] DAT 0xff (cs=0 dc=1)
[1924200000] DAT 0xff (cs=0 dc=1)
[1925000000] DAT 0xff (cs=0 dc=1)
[1925800000] DAT 0xff (cs=0 dc=1)
[1926600000] DAT 0xff (cs=0 dc=1)
[1927400000] DAT 0xff (cs=0 dc=1)
[1928200000] DAT 0xff (cs=0 dc=1)
[1929000000] DAT 0xff (cs=0 dc=1)
[1929800000] DAT 0xff (cs=0 dc=1)
[1930600000] DAT 0xff (cs=0 dc=1)
[1931400000] DAT 0xff (cs=0 dc=1)
[1932200000] DAT 0xff (cs=0 dc=1)
[1933000000] DAT 0xff (cs=0 dc=1)
[1933800000] DAT 0xff (cs=0 dc=1)
[1934600000] DAT 0xff (cs=0 dc=1)
[1935400000] DAT 0xff (cs=0 dc=1)
[1936200000] DAT 0xff (cs=0 dc=1)
[1937000000] DAT 0xff (cs=0 dc=1)
[1937800000] DAT 0xff (cs=0 dc=1)
[1938600000] DAT 0xff (cs=0 dc=1)
[1939400000] DAT 0xff (cs=0 dc=1)
[1940200000] DAT 0xff (cs=0 dc=1)
[1941000000] DAT 0xff (cs=0 dc=1)
[1941800000] DAT 0xff (cs=0 dc=1)
[1942600000] DAT 0xff (cs=0 dc=1)
[1943400000] DAT 0xff (cs=0 dc=1)
[1944200000] DAT 0xff (cs=0 dc=1)
[1945000000] DAT 0xff (cs=0 dc=1)
[1945800000] DAT 0xff (cs=0 dc=1)
[1946600000] DAT 0xff (cs=0 dc=1)
[1947400000] DAT 0xff (cs=0 dc=1)
[1948200000] DAT 0xff (cs=0 dc=1)
[1949000000] DAT 0xff (cs=0 dc=1)
[1949800000] DAT 0xff (cs=0 dc=1)
[1950600000] DAT 0xff (cs=0 dc=1)
[1951400000] DAT 0xff (cs=0 dc=1)
[1952200000] DAT 0xff (cs=0 dc=1)
[1953000000] DAT 0xff (cs=0 dc=1)
[1953800000] DAT 0xff (cs=0 dc=1)
[1954600000] DAT 0xff (cs=0 dc=1)
[1955400000] DAT 0xff (cs=0 dc=1)
[1956200000] DAT 0xff (cs=0 dc=1)
[1957000000] DAT 0xff (cs=0 dc=1)
[1957800000] DAT 0xff (cs=0 dc=1)
[1958600000] DAT 0xff (cs=0 dc=1)
[1959400000] DAT 0xff (cs=0 dc=1)
[1960200000] DAT 0xff (cs=0 dc=1)
[1961000000] DAT 0xff (cs=0 dc=1)
[1961800000] DAT 0xff (cs=0 dc=1)
[1962600000] DAT 0xff (cs=0 dc=1)
[1963400000] DAT 0xff (cs=0 dc=1)
[1964200000] DAT 0xff (cs=0 dc=1)
[1965000000] DAT 0xff (cs=0 dc=1)
[1965800000] DAT 0xff (cs=0 dc=1)
[1966600000] DAT 0xff (cs=0 dc=1)
[1967400000] DAT 0xff (cs=0 dc=1)
[1968200000] DAT 0xff (cs=0 dc=1)
[1969000000] DAT 0xff (cs=0 dc=1)
[1969800000] DAT 0xff (cs=0 dc=1)
[1970600000] DAT 0xff (cs=0 dc=1)
[1971400000] DAT 0xff (cs=0 dc=1)
[1972200000] DAT 0xff (cs=0 dc=1)
[1973000000] DAT 0xff (cs=0 dc=1)
[1973800000] DAT 0xff (cs=0 dc=1)
[1974600000] DAT 0xff (cs=0 dc=1)
[1975400000] DAT 0xff (cs=0 dc=1)
[1976200000] DAT 0xff (cs=0 dc=1)
[1977000000] DAT 0xff (cs=0 dc=1)
[1977800000] DAT 0xff (cs=0 dc=1)
[1978600000] DAT 0xff (cs=0 dc=1)
[1979400000] DAT 0xff (cs=0 dc=1)
[1980200000] DAT 0xff (cs=0 dc=1)
[1981000000] DAT 0xff (cs=0 dc=1)
[1981800000] DAT 0xff (cs=0 dc=1)
[1982600000] DAT 0xff (cs=0 dc=1)
[1983400000] DAT 0xff (cs=0 dc=1)
[1984200000] DAT 0xff (cs=0 dc=1)
[1985000000] DAT 0xff (cs=0 dc=1)
[1985800000] DAT 0xff (cs=0 dc=1)
[1986600000] DAT 0xff (cs=0 dc=1)
[1987400000] DAT 0xff (cs=0 dc=1)
[1988200000] DAT 0xff (cs=0 dc=1)
[1989000000] DAT 0xff (cs=0 dc=1)
[1989800000] DAT 0xff (cs=0 dc=1)
[1990600000] DAT 0xff (cs=0 dc=1)
[1991400000] DAT 0xff (cs=0 dc=1)
[1992200000] DAT 0xff (cs=0 dc=1)
[1993000000] DAT 0xff (cs=0 dc=1)
[1993800000] DAT 0xff (cs=0 dc=1)
[1994600000] DAT 0xff (cs=0 dc=1)
[1995400000] DAT 0xff (cs=0 dc=1)
[1996200000] DAT 0xff (cs=0 dc=1)
[1997000000] DAT 0xff (cs=0 dc=1)
[1997800000] DAT 0xff (cs=0 dc=1)
[1998600000] DAT 0xff (cs=0 dc=1)
[1999400000] DAT 0xff (cs=0 dc=1)
[2000200000] DAT 0xff (cs=0 dc=1)
[2001000000] DAT 0xff (cs=0 dc=1)
[2001800000] DAT 0xff (cs=0 dc=1)
[2002600000] DAT 0xff (cs=0 dc=1)
[2003400000] DAT 0xff (cs=0 dc=1)
[2004200000] DAT 0xff (cs=0 dc=1)
[2005000000] DAT 0xff (cs=0 dc=1)
[2005800000] DAT 0xff (cs=0 dc=1)
[2006600000] DAT 0xff (cs=0 dc=1)
[2007400000] DAT 0xff (cs=0 dc=1)
[2008200000] DAT 0xff (cs=0 dc=1)
[2009000000] DAT 0xff (cs=0 dc=1)
[2009800000] DAT 0xff (cs=0 dc=1)
[2010600000] DAT 0xff (cs=0 dc=1)
[2011400000] DAT 0xff (cs=0 dc=1)
[2012200000] DAT 0xff (cs=0 dc=1)
[2013000000] DAT 0xff (cs=0 dc=1)
[2013800000] DAT 0xff (cs=0 dc=1)
[2014600000] DAT 0xff (cs=0 dc=1)
[2015400000] DAT 0xff (cs=0 dc=1)
[2016200000] DAT 0xff (cs=0 dc=1)
[2017000000] DAT 0xff (cs=0 dc=1)
[2017800000] DAT 0xff (cs=0 dc=1)
[2018600000] DAT 0xff (cs=0 dc=1)
[2019400000] DAT 0xff (cs=0 dc=1)
[2020200000] DAT 0xff (cs=0 dc=1)
[2021000000] DAT 0xff (cs=0 dc=1)
[2021800000] DAT 0xff (cs=0 dc=1)
[2022600000] DAT 0xff (cs=0 dc=1)
[2023400000] DAT 0xff (cs=0 dc=1)
[2024200000] DAT 0xff (cs=0 dc=1)
[2025000000] DAT 0xff (cs=0 dc=1)
[2025800000] DAT 0xff (cs=0 dc=1)
[2026600000] DAT 0xff (cs=0 dc=1)
[2027400000] DAT 0xff (cs=0 dc=1)
[2028200000] DAT 0xff (cs=0 dc=1)
[2029000000] DAT 0xff (cs=0 dc=1)
[2029800000] DAT 0xff (cs=0 dc=1)
[2030600000] DAT 0xff (cs=0 dc=1)
[2031400000] DAT 0xff (cs=0 dc=1)
[2032200000] DAT 0xff (cs=0 dc=1)
[2033000000] DAT 0xff (cs=0 dc=1)
[2033800000] DAT 0xff (cs=0 dc=1)
[2034600000] DAT 0xff (cs=0 dc=1)
[2035400000] DAT 0xff (cs=0 dc=1)
[2036200000] DAT 0xff (cs=0 dc=1)
[2037000000] DAT 0xff (cs=0 dc=1)
[2037800000] DAT 0xff (cs=0 dc=1)
[2038600000] DAT 0xff (cs=0 dc=1)
[2039400000] DAT 0xff (cs=0 dc=1)
[2040200000] DAT 0xff (cs=0 dc=1)
[2041000000] DAT 0xff (cs=0 dc=1)
[2041800000] DAT 0xff (cs=0 dc=1)
[2042600000] DAT 0xff (cs=0 dc=1)
[2043400000] DAT 0xff (cs=0 dc=1)
[2044200000] DAT 0xff (cs=0 dc=1)
[2045000000] DAT 0xff (cs=0 dc=1)
[2045800000] DAT 0xff (cs=0 dc=1)
[2046600000] DAT 0xff (cs=0 dc=1)
[2047400000] DAT 0xff (cs=0 dc=1)
[2048200000] DAT 0xff (cs=0 dc=1)
[2049000000] DAT 0xff (cs=0 dc=1)
[2049800000] DAT 0xff (cs=0 dc=1)
[2050600000] DAT 0xff (cs=0 dc=1)
[2051400000] DAT 0xff (cs=0 dc=1)
[2052200000] DAT 0xff (cs=0 dc=1)
[2053000000] DAT 0xff (cs=0 dc=1)
[2053800000] DAT 0xff (cs=0 dc=1)
[2054600000] DAT 0xff (cs=0 dc=1)
[2055400000] DAT 0xff (cs=0 dc=1)
[2056200000] DAT 0xff (cs=0 dc=1)
[2057000000] DAT 0xff (cs=0 dc=1)
[2057800000] DAT 0xff (cs=0 dc=1)
[2058600000] DAT 0xff (cs=0 dc=1)
[2059400000] DAT 0xff (cs=0 dc=1)
[2060200000] DAT 0xff (cs=0 dc=1)
[2061000000] DAT 0xff (cs=0 dc=1)
[2061800000] DAT 0xff (cs=0 dc=1)
[2062600000] DAT 0xff (cs=0 dc=1)
[2063400000] DAT 0xff (cs=0 dc=1)
[2064200000] DAT 0xff (cs=0 dc=1)
[2065000000] DAT 0xff (cs=0 dc=1)
[2065800000] DAT 0xff (cs=0 dc=1)
[2066600000] DAT 0xff (cs=0 dc=1)
[2067400000] DAT 0xff (cs=0 dc=1)
[2068200000] DAT 0xff (cs=0 dc=1)
[2069000000] DAT 0xff (cs=0 dc=1)
[2069800000] DAT 0xff (cs=0 dc=1)
[2070600000] DAT 0xff (cs=0 dc=1)
[2071400000] DAT 0xff (cs=0 dc=1)
[2072200000] DAT 0xff (cs=0 dc=1)
[2073000000] DAT 0xff (cs=0 dc=1)
[2073800000] DAT 0xff (cs=0 dc=1)
[2074600000] DAT 0xff (cs=0 dc=1)
[2075400000] DAT 0xff (cs=0 dc=1)
[2076200000] DAT 0xff (cs=0 dc=1)
[2077000000] DAT 0xff (cs=0 dc=1)
[2077800000] DAT 0xff (cs=0 dc=1)
[2078600000] DAT 0xff (cs=0 dc=1)
[2079400000] DAT 0xff (cs=0 dc=1)
[2080200000] DAT 0xff (cs=0 dc=1)
[2081000000] DAT 0xff (cs=0 dc=1)
[2081800000] DAT 0xff (cs=0 dc=1)
[2082600000] DAT 0xff (cs=0 dc=1)
[2083400000] DAT 0xff (cs=0 dc=1)
[2084200000] DAT 0xff (cs=0 dc=1)
[2085000000] DAT 0xff (cs=0 dc=1)
[2085800000] DAT 0xff (cs=0 dc=1)
[2086600000] DAT 0xff (cs=0 dc=1)
[2087400000] DAT 0xff (cs=0 dc=1)
[2088200000] DAT 0xff (cs=0 dc=1)
[2089000000] DAT 0xff (cs=0 dc=1)
[2089800000] DAT 0xff (cs=0 dc=1)
[2090600000] DAT 0xff (cs=0 dc=1)
[2091400000] DAT 0xff (cs=0 dc=1)
[2092200000] DAT 0xff (cs=0 dc=1)
[2093000000] DAT 0xff (cs=0 dc=1)
[2093800000] DAT 0xff (cs=0 dc=1)
[2094600000] DAT 0xff (cs=0 dc=1)
[2095400000] DAT 0xff (cs=0 dc=1)
[2096200000] DAT 0xff (cs=0 dc=1)
[2097000000] DAT 0xff (cs=0 dc=1)
[2097800000] DAT 0xff (cs=0 dc=1)
[2098600000] DAT 0xff (cs=0 dc=1)
[2099400000] DAT 0xff (cs=0 dc=1)
[2100200000] DAT 0xff (cs=0 dc=1)
[2101000000] DAT 0xff (cs=0 dc=1)
[2101800000] DAT 0xff (cs=0 dc=1)
[2102600000] DAT 0xff (cs=0 dc=1)
[2103400000] DAT 0xff (cs=0 dc=1)
[2104200000] DAT 0xff (cs=0 dc=1)
[2105000000] DAT 0xff (cs=0 dc=1)
[2105800000] DAT 0xff (cs=0 dc=1)
[2106600000] DAT 0xff (cs=0 dc=1)
[2107400000] DAT 0xff (cs=0 dc=1)
[2108200000] DAT 0xff (cs=0 dc=1)
[2109000000] DAT 0xff (cs=0 dc=1)
[2109800000] DAT 0xff (cs=0 dc=1)
[2110600000] DAT 0xff (cs=0 dc=1)
[2111400000] DAT 0xff (cs=0 dc=1)
[2112200000] DAT 0xff (cs=0 dc=1)
[2113000000] DAT 0xff (cs=0 dc=1)
[2113800000] DAT 0xff (cs=0 dc=1)
[2114600000] DAT 0xff (cs=0 dc=1)
[2115400000] DAT 0xff (cs=0 dc=1)
[2116200000] DAT 0xff (cs=0 dc=1)
[2117000000] DAT 0xff (cs=0 dc=1)
[2117800000] DAT 0xff (cs=0 dc=1)
[2118600000] DAT 0xff (cs=0 dc=1)
[2119400000] DAT 0xff (cs=0 dc=1)
[2120200000] DAT 0xff (cs=0 dc=1)
[2121000000] DAT 0xff (cs=0 dc=1)
[2121800000] DAT 0xff (cs=0 dc=1)
[2122600000] DAT 0xff (cs=0 dc=1)
[2123400000] DAT 0xff (cs=0 dc=1)
[2124200000] DAT 0xff (cs=0 dc=1)
[2125000000] DAT 0xff (cs=0 dc=1)
[2125800000] DAT 0xff (cs=0 dc=1)
[2126600000] DAT 0xff (cs=0 dc=1)
[2127400000] DAT 0xff (cs=0 dc=1)
[2128200000] DAT 0xff (cs=0 dc=1)
[2129000000] DAT 0xff (cs=0 dc=1)
[2129800000] DAT 0xff (cs=0 dc=1)
[2130600000] DAT 0xff (cs=0 dc=1)
[2131400000] DAT 0xff (cs=0 dc=1)
[2132200000] DAT 0xff (cs=0 dc=1)
[2133000000] DAT 0xff (cs=0 dc=1)
[2133800000] DAT 0xff (cs=0 dc=1)
[2134600000] DAT 0xff (cs=0 dc=1)
[2135400000] DAT 0xff (cs=0 dc=1)
[2136200000] DAT 0xff (cs=0 dc=1)
[2137000000] DAT 0xff (cs=0 dc=1)
[2137800000] DAT 0xff (cs=0 dc=1)
[2138600000] DAT 0xff (cs=0 dc=1)
[2139400000] DAT 0xff (cs=0 dc=1)
[2140200000] DAT 0xff (cs=0 dc=1)
[2141000000] DAT 0xff (cs=0 dc=1)
[2141800000] DAT 0xff (cs=0 dc=1)
[2142600000] DAT 0xff (cs=0 dc=1)
[2143400000] DAT 0xff (cs=0 dc=1)
[2144200000] DAT 0xff (cs=0 dc=1)
[2145000000] DAT 0xff (cs=0 dc=1)
[2145800000] DAT 0xff (cs=0 dc=1)
[2146600000] DAT 0xff (cs=0 dc=1)
[2147400000] DAT 0xff (cs=0 dc=1)
[2148200000] DAT 0xff (cs=0 dc=1)
[2149000000] DAT 0xff (cs=0 dc=1)
[2149800000] DAT 0xff (cs=0 dc=1)
[2150600000] DAT 0xff (cs=0 dc=1)
[2151400000] DAT 0xff (cs=0 dc=1)
[2152200000] DAT 0xff (cs=0 dc=1)
[2153000000] DAT 0xff (cs=0 dc=1)
[2153800000] DAT 0xff (cs=0 dc=1)
[2154600000] DAT 0xff (cs=0 dc=1)
[2155400000] DAT 0xff (cs=0 dc=1)
[2156200000] DAT 0xff (cs=0 dc=1)
[2157000000] DAT 0xff (cs=0 dc=1)
[2157800000] DAT 0xff (cs=0 dc=1)
[2158600000] DAT 0xff (cs=0 dc=1)
[2159400000] DAT 0xff (cs=0 dc=1)
[2160200000] DAT 0xff (cs=0 dc=1)
[2161000000] DAT 0xff (cs=0 dc=1)
[2161800000] DAT 0xff (cs=0 dc=1)
[2162600000] DAT 0xff (cs=0 dc=1)
[2163400000] DAT 0xff (cs=0 dc=1)
[2164200000] DAT 0xff (cs=0 dc=1)
[2165000000] DAT 0xff (cs=0 dc=1)
[2165800000] DAT 0xff (cs=0 dc=1)
[2166600000] DAT 0xff (cs=0 dc=1)
[2167400000] DAT 0xff (cs=0 dc=1)
[2168200000] DAT 0xff (cs=0 dc=1)
[2169000000] DAT 0xff (cs=0 dc=1)
[2169800000] DAT 0xff (cs=0 dc=1)
[2170600000] DAT 0xff (cs=0 dc=1)
[2171400000] DAT 0xff (cs=0 dc=1)
[2172200000] DAT 0xff (cs=0 dc=1)
[2173000000] DAT 0xff (cs=0 dc=1)
[2173800000] DAT 0xff (cs=0 dc=1)
[2174600000] DAT 0xff (cs=0 dc=1)
[2175400000] DAT 0xff (cs=0 dc=1)
[2176200000] DAT 0xff (cs=0 dc=1)
[2177000000] DAT 0xff (cs=0 dc=1)
[2177800000] DAT 0xff (cs=0 dc=1)
[2178600000] DAT 0xff (cs=0 dc=1)
[2179400000] DAT 0xff (cs=0 dc=1)
[2180200000] DAT 0xff (cs=0 dc=1)
[2181000000] DAT 0xff (cs=0 dc=1)
[2181800000] DAT 0xff (cs=0 dc=1)
[2182600000] DAT 0xff (cs=0 dc=1)
[2183400000] DAT 0xff (cs=0 dc=1)
[2184200000] DAT 0xff (cs=0 dc=1)
[2185000000] DAT 0xff (cs=0 dc=1)
[2185800000] DAT 0xff (cs=0 dc=1)
[2186600000] DAT 0xff (cs=0 dc=1)
[2187400000] DAT 0xff (cs=0 dc=1)
[2188200000] DAT 0xff (cs=0 dc=1)
[2189000000] DAT 0xff (cs=0 dc=1)
[2189800000] DAT 0xff (cs=0 dc=1)
[2190600000] DAT 0xff (cs=0 dc=1)
[2191400000] DAT 0xff (cs=0 dc=1)
[2192200000] DAT 0xff (cs=0 dc=1)
[2193000000] DAT 0xff (cs=0 dc=1)
[2193800000] DAT 0xff (cs=0 dc=1)
[2194600000] DAT 0xff (cs=0 dc=1)
[2195400000] DAT 0xff (cs=0 dc=1)
[2196200000] DAT 0xff (cs=0 dc=1)
[2197000000] DAT 0xff (cs=0 dc=1)
[2197800000] DAT 0xff (cs=0 dc=1)
[2198600000] DAT 0xff (cs=0 dc=1)
[2199400000] DAT 0xff (cs=0 dc=1)
[2200200000] DAT 0xff (cs=0 dc=1)
[2201000000] DAT 0xff (cs=0 dc=1)
[2201800000] DAT 0xff (cs=0 dc=1)
[2202600000] DAT 0xff (cs=0 dc=1)
[2203400000] DAT 0xff (cs=0 dc=1)
[2204200000] DAT 0xff (cs=0 dc=1)
[2205000000] DAT 0xff (cs=0 dc=1)
[2205800000] DAT 0xff (cs=0 dc=1)
[2206600000] DAT 0xff (cs=0 dc=1)
[2207400000] DAT 0xff (cs=0 dc=1)
[2208200000] DAT 0xff (cs=0 dc=1)
[2209000000] DAT 0xff (cs=0 dc=1)
[2209800000] DAT 0xff (cs=0 dc=1)
[2210600000] DAT 0xff (cs=0 dc=1)
[2211400000] DAT 0xff (cs=0 dc=1)
[2212200000] DAT 0xff (cs=0 dc=1)
[2213000000] DAT 0xff (cs=0 dc=1)
[2213800000] DAT 0xff (cs=0 dc=1)
[2214600000] DAT 0xff (cs=0 dc=1)
[2215400000] DAT 0xff (cs=0 dc=1)
[2216200000] DAT 0xff (cs=0 dc=1)
[2217000000] DAT 0xff (cs=0 dc=1)
[2217800000] DAT 0xff (cs=0 dc=1)
[2218600000] DAT 0xff (cs=0 dc=1)
[2219400000] DAT 0xff (cs=0 dc=1)
[2220200000] DAT 0xff (cs=0 dc=1)
[2221000000] DAT 0xff (cs=0 dc=1)
[2221800000] DAT 0xff (cs=0 dc=1)
[2222600000] DAT 0xff (cs=0 dc=1)
[2223400000] DAT 0xff (cs=0 dc=1)
[2224200000] DAT 0xff (cs=0 dc=1)
[2225000000] DAT 0xff (cs=0 dc=1)
[2225800000] DAT 0xff (cs=0 dc=1)
[2226600000] DAT 0xff (cs=0 dc=1)
[2227400000] DAT 0xff (cs=0 dc=1)
[2228200000] DAT 0xff (cs=0 dc=1)
[2229000000] DAT 0xff (cs=0 dc=1)
[2229800000] DAT 0xff (cs=0 dc=1)
[2230600000] DAT 0xff (cs=0 dc=1)
[2231400000] DAT 0xff (cs=0 dc=1)
[2232200000] DAT 0xff (cs=0 dc=1)
[2233000000] DAT 0xff (cs=0 dc=1)
[2233800000] DAT 0xff (cs=0 dc=1)
[2234600000] DAT 0xff (cs=0 dc=1)
[2235400000] DAT 0xff (cs=0 dc=1)
[2236200000] DAT 0xff (cs=0 dc=1)
[2237000000] DAT 0xff (cs=0 dc=1)
[2237800000] DAT 0xff (cs=0 dc=1)
[2238600000] DAT 0xff (cs=0 dc=1)
[2239400000] DAT 0xff (cs=0 dc=1)
[2240200000] DAT 0xff (cs=0 dc=1)
[2241000000] DAT 0xff (cs=0 dc=1)
[2241800000] DAT 0xff (cs=0 dc=1)
[2242600000] DAT 0xff (cs=0 dc=1)
[2243400000] DAT 0xff (cs=0 dc=1)
[2244200000] DAT 0xff (cs=0 dc=1)
[2245000000] DAT 0xff (cs=0 dc=1)
[2245800000] DAT 0xff (cs=0 dc=1)
[2246600000] DAT 0xff (cs=0 dc=1)
[2247400000] DAT 0xff (cs=0 dc=1)
[2248200000] DAT 0xff (cs=0 dc=1)
[2249000000] DAT 0xff (cs=0 dc=1)
[2249800000] DAT 0xff (cs=0 dc=1)
[2250600000] DAT 0xff (cs=0 dc=1)
[2251400000] DAT 0xff (cs=0 dc=1)
[2252200000] DAT 0xff (cs=0 dc=1)
[2253000000] DAT 0xff (cs=0 dc=1)
[2253800000] DAT 0xff (cs=0 dc=1)
[2254600000] DAT 0xff (cs=0 dc=1)
[2255400000] DAT 0xff (cs=0 dc=1)
[2256200000] DAT 0xff (cs=0 dc=1)
[2257000000] DAT 0xff (cs=0 dc=1)
[2257800000] DAT 0xff (cs=0 dc=1)
[2258600000] DAT 0xff (cs=0 dc=1)
[2259400000] DAT 0xff (cs=0 dc=1)
[2260200000] DAT 0xff (cs=0 dc=1)
[2261000000] DAT 0xff (cs=0 dc=1)
[2261800000] DAT 0xff (cs=0 dc=1)
[2262600000] DAT 0xff (cs=0 dc=1)
[2263400000] DAT 0xff (cs=0 dc=1)
[2264200000] DAT 0xff (cs=0 dc=1)
[2265000000] DAT 0xff (cs=0 dc=1)
[2265800000] DAT 0xff (cs=0 dc=1)
[2266600000] DAT 0xff (cs=0 dc=1)
[2267400000] DAT 0xff (cs=0 dc=1)
[2268200000] DAT 0xff (cs=0 dc=1)
[2269000000] DAT 0xff (cs=0 dc=1)
[2269800000] DAT 0xff (cs=0 dc=1)
[2270600000] DAT 0xff (cs=0 dc=1)
[2271400000] DAT 0xff (cs=0 dc=1)
[2272200000] DAT 0xff (cs=0 dc=1)
[2273000000] DAT 0xff (cs=0 dc=1)
[2273800000] DAT 0xff (cs=0 dc=1)
[2274600000] DAT 0xff (cs=0 dc=1)
[2275400000] DAT 0xff (cs=0 dc=1)
[2276200000] DAT 0xff (cs=0 dc=1)
[2277000000] DAT 0xff (cs=0 dc=1)
[2277800000] DAT 0xff (cs=0 dc=1)
[2278600000] DAT 0xff (cs=0 dc=1)
[2279400000] DAT 0xff (cs=0 dc=1)
[2280200000] DAT 0xff (cs=0 dc=1)
[2281000000] DAT 0xff (cs=0 dc=1)
[2281800000] DAT 0xff (cs=0 dc=1)
[2282600000] DAT 0xff (cs=0 dc=1)
[2283400000] DAT 0xff (cs=0 dc=1)
[2284200000] DAT 0xff (cs=0 dc=1)
[2285000000] DAT 0xff (cs=0 dc=1)
[2285800000] DAT 0xff (cs=0 dc=1)
[2286600000] DAT 0xff (cs=0 dc=1)
[2287400000] DAT 0xff (cs=0 dc=1)
[2288200000] DAT 0xff (cs=0 dc=1)
[2289000000] DAT 0xff (cs=0 dc=1)
[2289800000] DAT 0xff (cs=0 dc=1)
[2290600000] DAT 0xff (cs=0 dc=1)
[2291400000] DAT 0xff (cs=0 dc=1)
[2292200000] DAT 0xff (cs=0 dc=1)
[2293000000] DAT 0xff (cs=0 dc=1)
[2293800000] DAT 0xff (cs=0 dc=1)
[2294600000] DAT 0xff (cs=0 dc=1)
[2295400000] DAT 0xff (cs=0 dc=1)
[2296200000] DAT 0xff (cs=0 dc=1)
[2297000000] DAT 0xff (cs=0 dc=1)
[2297800000] DAT 0xff (cs=0 dc=1)
[2298600000] DAT 0xff (cs=0 dc=1)
[2299400000] DAT 0xff (cs=0 dc=1)
[2300200000] DAT 0xff (cs=0 dc=1)
[2301000000] DAT 0xff (cs=0 dc=1)
[2301800000] DAT 0xff (cs=0 dc=1)
[2302600000] DAT 0xff (cs=0 dc=1)
[2303400000] DAT 0xff (cs=0 dc=1)
[2304200000] DAT 0xff (cs=0 dc=1)
[2305000000] DAT 0xff (cs=0 dc=1)
[2305800000] DAT 0xff (cs=0 dc=1)
[2306600000] DAT 0xff (cs=0 dc=1)
[2307400000] DAT 0xff (cs=0 dc=1)
[2308200000] DAT 0xff (cs=0 dc=1)
[2309000000] DAT 0xff (cs=0 dc=1)
[2309800000] DAT 0xff (cs=0 dc=1)
[2310600000] DAT 0xff (cs=0 dc=1)
[2311400000] DAT 0xff (cs=0 dc=1)
[2312200000] DAT 0xff (cs=0 dc=1)
[2313000000] DAT 0xff (cs=0 dc=1)
[2313800000] DAT 0xff (cs=0 dc=1)
[2314600000] DAT 0xff (cs=0 dc=1)
[2315400000] DAT 0xff (cs=0 dc=1)
[2316200000] DAT 0xff (cs=0 dc=1)
[2317000000] DAT 0xff (cs=0 dc=1)
[2317800000] DAT 0xff (cs=0 dc=1)
[2318600000] DAT 0xff (cs=0 dc=1)
[2319400000] DAT 0xff (cs=0 dc=1)
[2320200000] DAT 0xff (cs=0 dc=1)
[2321000000] DAT 0xff (cs=0 dc=1)
[2321800000] DAT 0xff (cs=0 dc=1)
[2322600000] DAT 0xff (cs=0 dc=1)
[2323400000] DAT 0xff (cs=0 dc=1)
[2324200000] DAT 0xff (cs=0 dc=1)
[2325000000] DAT 0xff (cs=0 dc=1)
[2325800000] DAT 0xff (cs=0 dc=1)
[2326600000] DAT 0xff (cs=0 dc=1)
[2327400000] DAT 0xff (cs=0 dc=1)
[2328200000] DAT 0xff (cs=0 dc=1)
[2329000000] DAT 0xff (cs=0 dc=1)
[2329800000] DAT 0xff (cs=0 dc=1)
[2330600000] DAT 0xff (cs=0 dc=1)
[2331400000] DAT 0xff (cs=0 dc=1)
[2332200000] DAT 0xff (cs=0 dc=1)
[2333000000] DAT 0xff (cs=0 dc=1)
[2333800000] DAT 0xff (cs=0 dc=1)
[2334600000] DAT 0xff (cs=0 dc=1)
[2335400000] DAT 0xff (cs=0 dc=1)
[2336200000] DAT 0xff (cs=0 dc=1)
[2337000000] DAT 0xff (cs=0 dc=1)
[2337800000] DAT 0xff (cs=0 dc=1)
[2338600000] DAT 0xff (cs=0 dc=1)
[2339400000] DAT 0xff (cs=0 dc=1)
[2340200000] DAT 0xff (cs=0 dc=1)
[2341000000] DAT 0xff (cs=0 dc=1)
[2341800000] DAT 0xff (cs=0 dc=1)
[2342600000] DAT 0xff (cs=0 dc=1)
[2343400000] DAT 0xff (cs=0 dc=1)
[2344200000] DAT 0xff (cs=0 dc=1)
[2345000000] DAT 0xff (cs=0 dc=1)
[2345800000] DAT 0xff (cs=0 dc=1)
[2346600000] DAT 0xff (cs=0 dc=1)
[2347400000] DAT 0xff (cs=0 dc=1)
[2348200000] DAT 0xff (cs=0 dc=1)
[2349000000] DAT 0xff (cs=0 dc=1)
[2349800000] DAT 0xff (cs=0 dc=1)
[2350600000] DAT 0xff (cs=0 dc=1)
[2351400000] DAT 0xff (cs=0 dc=1)
[2352200000] DAT 0xff (cs=0 dc=1)
[2353000000] DAT 0xff (cs=0 dc=1)
[2353800000] DAT 0xff (cs=0 dc=1)
[2354600000] DAT 0xff (cs=0 dc=1)
[2355400000] DAT 0xff (cs=0 dc=1)
[2356200000] DAT 0xff (cs=0 dc=1)
[2357000000] DAT 0xff (cs=0 dc=1)
[2357800000] DAT 0xff (cs=0 dc=1)
[2358600000] DAT 0xff (cs=0 dc=1)
[2359400000] DAT 0xff (cs=0 dc=1)
[2360200000] DAT 0xff (cs=0 dc=1)
[2361000000] DAT 0xff (cs=0 dc=1)
[2361800000] DAT 0xff (cs=0 dc=1)
[2362600000] DAT 0xff (cs=0 dc=1)
[2363400000] DAT 0xff (cs=0 dc=1)
[2364200000] DAT 0xff (cs=0 dc=1)
[2365000000] DAT 0xff (cs=0 dc=1)
[2365800000] DAT 0xff (cs=0 dc=1)
[2366600000] DAT 0xff (cs=0 dc=1)
[2367400000] DAT 0xff (cs=0 dc=1)
[2368200000] DAT 0xff (cs=0 dc=1)
[2369000000] DAT 0xff (cs=0 dc=1)
[2369800000] DAT 0xff (cs=0 dc=1)
[2370600000] DAT 0xff (cs=0 dc=1)
[2371400000] DAT 0xff (cs=0 dc=1)
[2372200000] DAT 0xff (cs=0 dc=1)
[2373000000] DAT 0xff (cs=0 dc=1)
[2373800000] DAT 0xff (cs=0 dc=1)
[2374600000] DAT 0xff (cs=0 dc=1)
[2375400000] DAT 0xff (cs=0 dc=1)
[2376200000] DAT 0xff (cs=0 dc=1)
[2377000000] DAT 0xff (cs=0 dc=1)
[2377800000] DAT 0xff (cs=0 dc=1)
[2378600000] DAT 0xff (cs=0 dc=1)
[2379400000] DAT 0xff (cs=0 dc=1)
[2380200000] DAT 0xff (cs=0 dc=1)
[2381000000] DAT 0xff (cs=0 dc=1)
[2381800000] DAT 0xff (cs=0 dc=1)
[2382600000] DAT 0xff (cs=0 dc=1)
[2383400000] DAT 0xff (cs=0 dc=1)
[2384200000] DAT 0xff (cs=0 dc=1)
[2385000000] DAT 0xff (cs=0 dc=1)
[2385800000] DAT 0xff (cs=0 dc=1)
[2386600000] DAT 0xff (cs=0 dc=1)
[2387400000] DAT 0xff (cs=0 dc=1)
[2388200000] DAT 0xff (cs=0 dc=1)
[2389000000] DAT 0xff (cs=0 dc=1)
[2389800000] DAT 0xff (cs=0 dc=1)
[2390600000] DAT 0xff (cs=0 dc=1)
[2391400000] DAT 0xff (cs=0 dc=1)
[2392200000] DAT 0xff (cs=0 dc=1)
[2393000000] DAT 0xff (cs=0 dc=1)
[2393800000] DAT 0xff (cs=0 dc=1)
[2394600000] DAT 0xff (cs=0 dc=1)
[2395400000] DAT 0xff (cs=0 dc=1)
[2396200000] DAT 0xff (cs=0 dc=1)
[2397000000] DAT 0xff (cs=0 dc=1)
[2397800000] DAT 0xff (cs=0 dc=1)
[2398600000] DAT 0xff (cs=0 dc=1)
[2399400000] DAT 0xff (cs=0 dc=1)
[2400200000] DAT 0xff (cs=0 dc=1)
[2401000000] DAT 0xff (cs=0 dc=1)
[2401800000] DAT 0xff (cs=0 dc=1)
[2402600000] DAT 0xff (cs=0 dc=1)
[2403400000] DAT 0xff (cs=0 dc=1)
[2404200000] DAT 0xff (cs=0 dc=1)
[2405000000] DAT 0xff (cs=0 dc=1)
[2405800000] DAT 0xff (cs=0 dc=1)
[2406600000] DAT 0xff (cs=0 dc=1)
[2407400000] DAT 0xff (cs=0 dc=1)
[2408200000] DAT 0xff (cs=0 dc=1)
[2409000000] DAT 0xff (cs=0 dc=1)
[2409800000] DAT 0xff (cs=0 dc=1)
[2410600000] DAT 0xff (cs=0 dc=1)
[2411400000] DAT 0xff (cs=0 dc=1)
[2412200000] DAT 0xff (cs=0 dc=1)
[2413000000] DAT 0xff (cs=0 dc=1)
[2413800000] DAT 0xff (cs=0 dc=1)
[2414600000] DAT 0xff (cs=0 dc=1)
[2415400000] DAT 0xff (cs=0 dc=1)
[2416200000] DAT 0xff (cs=0 dc=1)
[2417000000] DAT 0xff (cs=0 dc=1)
[2417800000] DAT 0xff (cs=0 dc=1)
[2418600000] DAT 0xff (cs=0 dc=1)
[2419400000] DAT 0xff (cs=0 dc=1)
[2420200000] DAT 0xff (cs=0 dc=1)
[2421000000] DAT 0xff (cs=0 dc=1)
[2421800000] DAT 0xff (cs=0 dc=1)
[2422600000] DAT 0xff (cs=0 dc=1)
[2423400000] DAT 0xff (cs=0 dc=1)
[2424200000] DAT 0xff (cs=0 dc=1)
[2425000000] DAT 0xff (cs=0 dc=1)
[2425800000] DAT 0xff (cs=0 dc=1)
[2426600000] DAT 0xff (cs=0 dc=1)
[2427400000] DAT 0xff (cs=0 dc=1)
[2428200000] DAT 0xff (cs=0 dc=1)
[2429000000] DAT 0xff (cs=0 dc=1)
[2429800000] DAT 0xff (cs=0 dc=1)
[2430600000] DAT 0xff (cs=0 dc=1)
[2431400000] DAT 0xff (cs=0 dc=1)
[2432200000] DAT 0xff (cs=0 dc=1)
[2433000000] DAT 0xff (cs=0 dc=1)
[2433800000] DAT 0xff (cs=0 dc=1)
[2434600000] DAT 0xff (cs=0 dc=1)
[2435400000] DAT 0xff (cs=0 dc=1)
[2436200000] DAT 0xff (cs=0 dc=1)
[2437000000] DAT 0xff (cs=0 dc=1)
[2437800000] DAT 0xff (cs=0 dc=1)
[2438600000] DAT 0xff (cs=0 dc=1)
[2439400000] DAT 0xff (cs=0 dc=1)
[2440200000] DAT 0xff (cs=0 dc=1)
[2441000000] DAT 0xff (cs=0 dc=1)
[2441800000] DAT 0xff (cs=0 dc=1)
[2442600000] DAT 0xff (cs=0 dc=1)
[2443400000] DAT 0xff (cs=0 dc=1)
[2444200000] DAT 0xff (cs=0 dc=1)
[2445000000] DAT 0xff (cs=0 dc=1)
[2445800000] DAT 0xff (cs=0 dc=1)
[2446600000] DAT 0xff (cs=0 dc=1)
[2447400000] DAT 0xff (cs=0 dc=1)
[2448200000] DAT 0xff (cs=0 dc=1)
[2449000000] DAT 0xff (cs=0 dc=1)
[2449800000] DAT 0xff (cs=0 dc=1)
[2450600000] DAT 0xff (cs=0 dc=1)
[2451400000] DAT 0xff (cs=0 dc=1)
[2452200000] DAT 0xff (cs=0 dc=1)
[2453000000] DAT 0xff (cs=0 dc=1)
[2453800000] DAT 0xff (cs=0 dc=1)
[2454600000] DAT 0xff (cs=0 dc=1)
[2455400000] DAT 0xff (cs=0 dc=1)
[2456200000] DAT 0xff (cs=0 dc=1)
[2457000000] DAT 0xff (cs=0 dc=1)
[2457800000] DAT 0xff (cs=0 dc=1)
[2458600000] DAT 0xff (cs=0 dc=1)
[2459400000] DAT 0xff (cs=0 dc=1)
[2460200000] DAT 0xff (cs=0 dc=1)
[2461000000] DAT 0xff (cs=0 dc=1)
[2461800000] DAT 0xff (cs=0 dc=1)
[2462600000] DAT 0xff (cs=0 dc=1)
[2463400000] DAT 0xff (cs=0 dc=1)
[2464200000] DAT 0xff (cs=0 dc=1)
[2465000000] DAT 0xff (cs=0 dc=1)
[2465800000] DAT 0xff (cs=0 dc=1)
[2466600000] DAT 0xff (cs=0 dc=1)
[2467400000] DAT 0xff (cs=0 dc=1)
[2468200000] DAT 0xff (cs=0 dc=1)
[2469000000] DAT 0xff (cs=0 dc=1)
[2469800000] DAT 0xff (cs=0 dc=1)
[2470600000] DAT 0xff (cs=0 dc=1)
[2471400000] DAT 0xff (cs=0 dc=1)
[2472200000] DAT 0xff (cs=0 dc=1)
[2473000000] DAT 0xff (cs=0 dc=1)
[2473800000] DAT 0xff (cs=0 dc=1)
[2474600000] DAT 0xff (cs=0 dc=1)
[2475400000] DAT 0xff (cs=0 dc=1)
[2476200000] DAT 0xff (cs=0 dc=1)
[2477000000] DAT 0xff (cs=0 dc=1)
[2477800000] DAT 0xff (cs=0 dc=1)
[2478600000] DAT 0xff (cs=0 dc=1)
[2479400000] DAT 0xff (cs=0 dc=1)
[2480200000] DAT 0xff (cs=0 dc=1)
[2481000000] DAT 0xff (cs=0 dc=1)
[2481800000] DAT 0xff (cs=0 dc=1)
[2482600000] DAT 0xff (cs=0 dc=1)
[2483400000] DAT 0xff (cs=0 dc=1)
[2484200000] DAT 0xff (cs=0 dc=1)
[2485000000] DAT 0xff (cs=0 dc=1)
[2485800000] DAT 0xff (cs=0 dc=1)
[2486600000] DAT 0xff (cs=0 dc=1)
[2487400000] DAT 0xff (cs=0 dc=1)
[2488200000] DAT 0xff (cs=0 dc=1)
[2489000000] DAT 0xff (cs=0 dc=1)
[2489800000] DAT 0xff (cs=0 dc=1)
[2490600000] DAT 0xff (cs=0 dc=1)
[2491400000] DAT 0xff (cs=0 dc=1)
[2492200000] DAT 0xff (cs=0 dc=1)
[2493000000] DAT 0xff (cs=0 dc=1)
[2493800000] DAT 0xff (cs=0 dc=1)
[2494600000] DAT 0xff (cs=0 dc=1)
[2495400000] DAT 0xff (cs=0 dc=1)
[2496200000] DAT 0xff (cs=0 dc=1)
[2497000000] DAT 0xff (cs=0 dc=1)
[2497800000] DAT 0xff (cs=0 dc=1)
[2498600000] DAT 0xff (cs=0 dc=1)
[2499400000] DAT 0xff (cs=0 dc=1)
[2500200000] DAT 0xff (cs=0 dc=1)
[2501000000] DAT 0xff (cs=0 dc=1)
[2501800000] DAT 0xff (cs=0 dc=1)
[2502600000] DAT 0xff (cs=0 dc=1)
[2503400000] DAT 0xff (cs=0 dc=1)
[2504200000] DAT 0xff (cs=0 dc=1)
[2505000000] DAT 0xff (cs=0 dc=1)
[2505800000] DAT 0xff (cs=0 dc=1)
[2506600000] DAT 0xff (cs=0 dc=1)
[2507400000] DAT 0xff (cs=0 dc=1)
[2508200000] DAT 0xff (cs=0 dc=1)
[2509000000] DAT 0xff (cs=0 dc=1)
[2509800000] DAT 0xff (cs=0 dc=1)
[2510600000] DAT 0xff (cs=0 dc=1)
[2511400000] DAT 0xff (cs=0 dc=1)
[2512200000] DAT 0xff (cs=0 dc=1)
[2513000000] DAT 0xff (cs=0 dc=1)
[2513800000] DAT 0xff (cs=0 dc=1)
[2514600000] DAT 0xff (cs=0 dc=1)
[2515400000] DAT 0xff (cs=0 dc=1)
[2516200000] DAT 0xff (cs=0 dc=1)
[2517000000] DAT 0xff (cs=0 dc=1)
[2517800000] DAT 0xff (cs=0 dc=1)
[2518600000] DAT 0xff (cs=0 dc=1)
[2519400000] DAT 0xff (cs=0 dc=1)
[2520200000] DAT 0xff (cs=0 dc=1)
[2521000000] DAT 0xff (cs=0 dc=1)
[2521800000] DAT 0xff (cs=0 dc=1)
[2522600000] DAT 0xff (cs=0 dc=1)
[2523400000] DAT 0xff (cs=0 dc=1)
[2524200000] DAT 0xff (cs=0 dc=1)
[2525000000] DAT 0xff (cs=0 dc=1)
[2525800000] DAT 0xff (cs=0 dc=1)
[2526600000] DAT 0xff (cs=0 dc=1)
[2527400000] DAT 0xff (cs=0 dc=1)
[2528200000] DAT 0xff (cs=0 dc=1)
[2529000000] DAT 0xff (cs=0 dc=1)
[2529800000] DAT 0xff (cs=0 dc=1)
[2530600000] DAT 0xff (cs=0 dc=1)
[2531400000] DAT 0xff (cs=0 dc=1)
[2532200000] DAT 0xff (cs=0 dc=1)
[2533000000] DAT 0xff (cs=0 dc=1)
[2533800000] DAT 0xff (cs=0 dc=1)
[2534600000] DAT 0xff (cs=0 dc=1)
[2535400000] DAT 0xff (cs=0 dc=1)
[2536200000] DAT 0xff (cs=0 dc=1)
[2537000000] DAT 0xff (cs=0 dc=1)
[2537800000] DAT 0xff (cs=0 dc=1)
[2538600000] DAT 0xff (cs=0 dc=1)
[2539400000] DAT 0xff (cs=0 dc=1)
[2540200000] DAT 0xff (cs=0 dc=1)
[2541000000] DAT 0xff (cs=0 dc=1)
[2541800000] DAT 0xff (cs=0 dc=1)
[2542600000] DAT 0xff (cs=0 dc=1)
[2543400000] DAT 0xff (cs=0 dc=1)
[2544200000] DAT 0xff (cs=0 dc=1)
[2545000000] DAT 0xff (cs=0 dc=1)
[2545800000] DAT 0xff (cs=0 dc=1)
[2546600000] DAT 0xff (cs=0 dc=1)
[2547400000] DAT 0xff (cs=0 dc=1)
[2548200000] DAT 0xff (cs=0 dc=1)
[2549000000] DAT 0xff (cs=0 dc=1)
[2549800000] DAT 0xff (cs=0 dc=1)
[2550600000] DAT 0xff (cs=0 dc=1)
[2551400000] DAT 0xff (cs=0 dc=1)
[2552200000] DAT 0xff (cs=0 dc=1)
[2553000000] DAT 0xff (cs=0 dc=1)
[2553800000] DAT 0xff (cs=0 dc=1)
[2554600000] DAT 0xff (cs=0 dc=1)
[2555400000] DAT 0xff (cs=0 dc=1)
[2556200000] DAT 0xff (cs=0 dc=1)
[2557000000] DAT 0xff (cs=0 dc=1)
[2557800000] DAT 0xff (cs=0 dc=1)
[2558600000] DAT 0xff (cs=0 dc=1)
[2559400000] DAT 0xff (cs=0 dc=1)
[2560200000] DAT 0xff (cs=0 dc=1)
[2561000000] DAT 0xff (cs=0 dc=1)
[2561800000] DAT 0xff (cs=0 dc=1)
[2562600000] DAT 0xff (cs=0 dc=1)
[2563400000] DAT 0xff (cs=0 dc=1)
[2564200000] DAT 0xff (cs=0 dc=1)
[2565000000] DAT 0xff (cs=0 dc=1)
[2565800000] DAT 0xff (cs=0 dc=1)
[2566600000] DAT 0xff (cs=0 dc=1)
[2567400000] DAT 0xff (cs=0 dc=1)
[2568200000] DAT 0xff (cs=0 dc=1)
[2569000000] DAT 0xff (cs=0 dc=1)
[2569800000] DAT 0xff (cs=0 dc=1)
[2570600000] DAT 0xff (cs=0 dc=1)
[2571400000] DAT 0xff (cs=0 dc=1)
[2572200000] DAT 0xff (cs=0 dc=1)
[2573000000] DAT 0xff (cs=0 dc=1)
[2573800000] DAT 0xff (cs=0 dc=1)
[2574600000] DAT 0xff (cs=0 dc=1)
[2575400000] DAT 0xff (cs=0 dc=1)
[2576200000] DAT 0xff (cs=0 dc=1)
[2577000000] DAT 0xff (cs=0 dc=1)
[2577800000] DAT 0xff (cs=0 dc=1)
[2578600000] DAT 0xff (cs=0 dc=1)
[2579400000] DAT 0xff (cs=0 dc=1)
[2580200000] DAT 0xff (cs=0 dc=1)
[2581000000] DAT 0xff (cs=0 dc=1)
[2581800000] DAT 0xff (cs=0 dc=1)
[2582600000] DAT 0xff (cs=0 dc=1)
[2583400000] DAT 0xff (cs=0 dc=1)
[2584200000] DAT 0xff (cs=0 dc=1)
[2585000000] DAT 0xff (cs=0 dc=1)
[2585800000] DAT 0xff (cs=0 dc=1)
[2586600000] DAT 0xff (cs=0 dc=1)
[2587400000] DAT 0xff (cs=0 dc=1)
[2588200000] DAT 0xff (cs=0 dc=1)
[2589000000] DAT 0xff (cs=0 dc=1)
[2589800000] DAT 0xff (cs=0 dc=1)
[2590600000] DAT 0xff (cs=0 dc=1)
[2591400000] DAT 0xff (cs=0 dc=1)
[2592200000] DAT 0xff (cs=0 dc=1)
[2593000000] DAT 0xff (cs=0 dc=1)
[2593800000] DAT 0xff (cs=0 dc=1)
[2594600000] DAT 0xff (cs=0 dc=1)
[2595400000] DAT 0xff (cs=0 dc=1)
[2596200000] DAT 0xff (cs=0 dc=1)
[2597000000] DAT 0xff (cs=0 dc=1)
[2597800000] DAT 0xff (cs=0 dc=1)
[2598600000] DAT 0xff (cs=0 dc=1)
[2599400000] DAT 0xff (cs=0 dc=1)
[2600200000] DAT 0xff (cs=0 dc=1)
[2601000000] DAT 0xff (cs=0 dc=1)
[2601800000] DAT 0xff (cs=0 dc=1)
[2602600000] DAT 0xff (cs=0 dc=1)
[2603400000] DAT 0xff (cs=0 dc=1)
[2604200000] DAT 0xff (cs=0 dc=1)
[2605000000] DAT 0xff (cs=0 dc=1)
[2605800000] DAT 0xff (cs=0 dc=1)
[2606600000] DAT 0xff (cs=0 dc=1)
[2607400000] DAT 0xff (cs=0 dc=1)
[2608200000] DAT 0xff (cs=0 dc=1)
[2609000000] DAT 0xff (cs=0 dc=1)
[2609800000] DAT 0xff (cs=0 dc=1)
[2610600000] DAT 0xff (cs=0 dc=1)
[2611400000] DAT 0xff (cs=0 dc=1)
[2612200000] DAT 0xff (cs=0 dc=1)
[2613000000] DAT 0xff (cs=0 dc=1)
[2613800000] DAT 0xff (cs=0 dc=1)
[2614600000] DAT 0xff (cs=0 dc=1)
[2615400000] DAT 0xff (cs=0 dc=1)
[2616200000] DAT 0xff (cs=0 dc=1)
[2617000000] DAT 0xff (cs=0 dc=1)
[2617800000] DAT 0xff (cs=0 dc=1)
[2618600000] DAT 0xff (cs=0 dc=1)
[2619400000] DAT 0xff (cs=0 dc=1)
[2620200000] DAT 0xff (cs=0 dc=1)
[2621000000] DAT 0xff (cs=0 dc=1)
[2621800000] DAT 0xff (cs=0 dc=1)
[2622600000] DAT 0xff (cs=0 dc=1)
[2623400000] DAT 0xff (cs=0 dc=1)
[2624200000] DAT 0xff (cs=0 dc=1)
[2625000000] DAT 0xff (cs=0 dc=1)
[2625800000] DAT 0xff (cs=0 dc=1)
[2626600000] DAT 0xff (cs=0 dc=1)
[2627400000] DAT 0xff (cs=0 dc=1)
[2628200000] DAT 0xff (cs=0 dc=1)
[2629000000] DAT 0xff (cs=0 dc=1)
[2629800000] DAT 0xff (cs=0 dc=1)
[2630600000] DAT 0xff (cs=0 dc=1)
[2631400000] DAT 0xff (cs=0 dc=1)
[2632200000] DAT 0xff (cs=0 dc=1)
[2633000000] DAT 0xff (cs=0 dc=1)
[2633800000] DAT 0xff (cs=0 dc=1)
[2634600000] DAT 0xff (cs=0 dc=1)
[2635400000] DAT 0xff (cs=0 dc=1)
[2636200000] DAT 0xff (cs=0 dc=1)
[2637000000] DAT 0xff (cs=0 dc=1)
[2637800000] DAT 0xff (cs=0 dc=1)
[2638600000] DAT 0xff (cs=0 dc=1)
[2639400000] DAT 0xff (cs=0 dc=1)
[2640200000] DAT 0xff (cs=0 dc=1)
[2641000000] DAT 0xff (cs=0 dc=1)
[2641800000] DAT 0xff (cs=0 dc=1)
[2642600000] DAT 0xff (cs=0 dc=1)
[2643400000] DAT 0xff (cs=0 dc=1)
[2644200000] DAT 0xff (cs=0 dc=1)
[2645000000] DAT 0xff (cs=0 dc=1)
[2645800000] DAT 0xff (cs=0 dc=1)
[2646600000] DAT 0xff (cs=0 dc=1)
[2647400000] DAT 0xff (cs=0 dc=1)
[2648200000] DAT 0xff (cs=0 dc=1)
[2649000000] DAT 0xff (cs=0 dc=1)
[2649800000] DAT 0xff (cs=0 dc=1)
[2650600000] DAT 0xff (cs=0 dc=1)
[2651400000] DAT 0xff (cs=0 dc=1)
[2652200000] DAT 0xff (cs=0 dc=1)
[2653000000] DAT 0xff (cs=0 dc=1)
[2653800000] DAT 0xff (cs=0 dc=1)
[2654600000] DAT 0xff (cs=0 dc=1)
[2655400000] DAT 0xff (cs=0 dc=1)
[2656200000] DAT 0xff (cs=0 dc=1)
[2657000000] DAT 0xff (cs=0 dc=1)
[2657800000] DAT 0xff (cs=0 dc=1)
[2658600000] DAT 0xff (cs=0 dc=1)
[2659400000] DAT 0xff (cs=0 dc=1)
[2660200000] DAT 0xff (cs=0 dc=1)
[2661000000] DAT 0xff (cs=0 dc=1)
[2661800000] DAT 0xff (cs=0 dc=1)
[2662600000] DAT 0xff (cs=0 dc=1)
[2663400000] DAT 0xff (cs=0 dc=1)
[2664200000] DAT 0xff (cs=0 dc=1)
[2665000000] DAT 0xff (cs=0 dc=1)
[2665800000] DAT 0xff (cs=0 dc=1)
[2666600000] DAT 0xff (cs=0 dc=1)
[2667400000] DAT 0xff (cs=0 dc=1)
[2668200000] DAT 0xff (cs=0 dc=1)
[2669000000] DAT 0xff (cs=0 dc=1)
[2669800000] DAT 0xff (cs=0 dc=1)
[2670600000] DAT 0xff (cs=0 dc=1)
[2671400000] DAT 0xff (cs=0 dc=1)
[2672200000] DAT 0xff (cs=0 dc=1)
[2673000000] DAT 0xff (cs=0 dc=1)
[2673800000] DAT 0xff (cs=0 dc=1)
[2674600000] DAT 0xff (cs=0 dc=1)
[2675400000] DAT 0xff (cs=0 dc=1)
[2676200000] DAT 0xff (cs=0 dc=1)
[2677000000] DAT 0xff (cs=0 dc=1)
[2677800000] DAT 0xff (cs=0 dc=1)
[2678600000] DAT 0xff (cs=0 dc=1)
[2679400000] DAT 0xff (cs=0 dc=1)
[2680200000] DAT 0xff (cs=0 dc=1)
[2681000000] DAT 0xff (cs=0 dc=1)
[2681800000] DAT 0xff (cs=0 dc=1)
[2682600000] DAT 0xff (cs=0 dc=1)
[2683400000] DAT 0xff (cs=0 dc=1)
[2684200000] DAT 0xff (cs=0 dc=1)
[2685000000] DAT 0xff (cs=0 dc=1)
[2685800000] DAT 0xff (cs=0 dc=1)
[2686600000] DAT 0xff (cs=0 dc=1)
[2687400000] DAT 0xff (cs=0 dc=1)
[2688200000] DAT 0xff (cs=0 dc=1)
[2689000000] DAT 0xff (cs=0 dc=1)
[2689800000] DAT 0xff (cs=0 dc=1)
[2690600000] DAT 0xff (cs=0 dc=1)
[2691400000] DAT 0xff (cs=0 dc=1)
[2692200000] DAT 0xff (cs=0 dc=1)
[2693000000] DAT 0xff (cs=0 dc=1)
[2693800000] DAT 0xff (cs=0 dc=1)
[2694600000] DAT 0xff (cs=0 dc=1)
[2695400000] DAT 0xff (cs=0 dc=1)
[2696200000] DAT 0xff (cs=0 dc=1)
[2697000000] DAT 0xff (cs=0 dc=1)
[2697800000] DAT 0xff (cs=0 dc=1)
[2698600000] DAT 0xff (cs=0 dc=1)
[2699400000] DAT 0xff (cs=0 dc=1)
[2700200000] DAT 0xff (cs=0 dc=1)
[2701000000] DAT 0xff (cs=0 dc=1)
[2701800000] DAT 0xff (cs=0 dc=1)
[2702600000] DAT 0xff (cs=0 dc=1)
[2703400000] DAT 0xff (cs=0 dc=1)
[2704200000] DAT 0xff (cs=0 dc=1)
[2705000000] DAT 0xff (cs=0 dc=1)
[2705800000] DAT 0xff (cs=0 dc=1)
[2706600000] DAT 0xff (cs=0 dc=1)
[2707400000] DAT 0xff (cs=0 dc=1)
[2708200000] DAT 0xff (cs=0 dc=1)
[2709000000] DAT 0xff (cs=0 dc=1)
[2709800000] DAT 0xff (cs=0 dc=1)
[2710600000] DAT 0xff (cs=0 dc=1)
[2711400000] DAT 0xff (cs=0 dc=1)
[2712200000] DAT 0xff (cs=0 dc=1)
[2713000000] DAT 0xff (cs=0 dc=1)
[2713800000] DAT 0xff (cs=0 dc=1)
[2714600000] DAT 0xff (cs=0 dc=1)
[2715400000] DAT 0xff (cs=0 dc=1)
[2716200000] DAT 0xff (cs=0 dc=1)
[2717000000] DAT 0xff (cs=0 dc=1)
[2717800000] DAT 0xff (cs=0 dc=1)
[2718600000] DAT 0xff (cs=0 dc=1)
[2719400000] DAT 0xff (cs=0 dc=1)
[2720200000] DAT 0xff (cs=0 dc=1)
[2721000000] DAT 0xff (cs=0 dc=1)
[2721800000] DAT 0xff (cs=0 dc=1)
[2722600000] DAT 0xff (cs=0 dc=1)
[2723400000] DAT 0xff (cs=0 dc=1)
[2724200000] DAT 0xff (cs=0 dc=1)
[2725000000] DAT 0xff (cs=0 dc=1)
[2725800000] DAT 0xff (cs=0 dc=1)
[2726600000] DAT 0xff (cs=0 dc=1)
[2727400000] DAT 0xff (cs=0 dc=1)
[2728200000] DAT 0xff (cs=0 dc=1)
[2729000000] DAT 0xff (cs=0 dc=1)
[2729800000] DAT 0xff (cs=0 dc=1)
[2730600000] DAT 0xff (cs=0 dc=1)
[2731400000] DAT 0xff (cs=0 dc=1)
[2732200000] DAT 0xff (cs=0 dc=1)
[2733000000] DAT 0xff (cs=0 dc=1)
[2733800000] DAT 0xff (cs=0 dc=1)
[2734600000] DAT 0xff (cs=0 dc=1)
[2735400000] DAT 0xff (cs=0 dc=1)
[2736200000] DAT 0xff (cs=0 dc=1)
[2737000000] DAT 0xff (cs=0 dc=1)
[2737800000] DAT 0xff (cs=0 dc=1)
[2738600000] DAT 0xff (cs=0 dc=1)
[2739400000] DAT 0xff (cs=0 dc=1)
[2740200000] DAT 0xff (cs=0 dc=1)
[2741000000] DAT 0xff (cs=0 dc=1)
[2741800000] DAT 0xff (cs=0 dc=1)
[2742600000] DAT 0xff (cs=0 dc=1)
[2743400000] DAT 0xff (cs=0 dc=1)
[2744200000] DAT 0xff (cs=0 dc=1)
[2745000000] DAT 0xff (cs=0 dc=1)
[2745800000] DAT 0xff (cs=0 dc=1)
[2746600000] DAT 0xff (cs=0 dc=1)
[2747400000] DAT 0xff (cs=0 dc=1)
[2748200000] DAT 0xff (cs=0 dc=1)
[2749000000] DAT 0xff (cs=0 dc=1)
[2749800000] DAT 0xff (cs=0 dc=1)
[2750600000] DAT 0xff (cs=0 dc=1)
[2751400000] DAT 0xff (cs=0 dc=1)
[2752200000] DAT 0xff (cs=0 dc=1)
[2753000000] DAT 0xff (cs=0 dc=1)
[2753800000] DAT 0xff (cs=0 dc=1)
[2754600000] DAT 0xff (cs=0 dc=1)
[2755400000] DAT 0xff (cs=0 dc=1)
[2756200000] DAT 0xff (cs=0 dc=1)
[2757000000] DAT 0xff (cs=0 dc=1)
[2757800000] DAT 0xff (cs=0 dc=1)
[2758600000] DAT 0xff (cs=0 dc=1)
[2759400000] DAT 0xff (cs=0 dc=1)
[2760200000] DAT 0xff (cs=0 dc=1)
[2761000000] DAT 0xff (cs=0 dc=1)
[2761800000] DAT 0xff (cs=0 dc=1)
[2762600000] DAT 0xff (cs=0 dc=1)
[2763400000] DAT 0xff (cs=0 dc=1)
[2764200000] DAT 0xff (cs=0 dc=1)
[2765000000] DAT 0xff (cs=0 dc=1)
[2765800000] DAT 0xff (cs=0 dc=1)
[2766600000] DAT 0xff (cs=0 dc=1)
[2767400000] DAT 0xff (cs=0 dc=1)
[2768200000] DAT 0xff (cs=0 dc=1)
[2769000000] DAT 0xff (cs=0 dc=1)
[2769800000] DAT 0xff (cs=0 dc=1)
[2770600000] DAT 0xff (cs=0 dc=1)
[2771400000] DAT 0xff (cs=0 dc=1)
[2772200000] DAT 0xff (cs=0 dc=1)
[2773000000] DAT 0xff (cs=0 dc=1)
[2773800000] DAT 0xff (cs=0 dc=1)
[2774600000] DAT 0xff (cs=0 dc=1)
[2775400000] DAT 0xff (cs=0 dc=1)
[2776200000] DAT 0xff (cs=0 dc=1)
[2777000000] DAT 0xff (cs=0 dc=1)
[2777800000] DAT 0xff (cs=0 dc=1)
[2778600000] DAT 0xff (cs=0 dc=1)
[2779400000] DAT 0xff (cs=0 dc=1)
[2780200000] DAT 0xff (cs=0 dc=1)
[2781000000] DAT 0xff (cs=0 dc=1)
[2781800000] DAT 0xff (cs=0 dc=1)
[2782600000] DAT 0xff (cs=0 dc=1)
[2783400000] DAT 0xff (cs=0 dc=1)
[2784200000] DAT 0xff (cs=0 dc=1)
[2785000000] DAT 0xff (cs=0 dc=1)
[2785800000] DAT 0xff (cs=0 dc=1)
[2786600000] DAT 0xff (cs=0 dc=1)
[2787400000] DAT 0xff (cs=0 dc=1)
[2788200000] DAT 0xff (cs=0 dc=1)
[2789000000] DAT 0xff (cs=0 dc=1)
[2789800000] DAT 0xff (cs=0 dc=1)
[2790600000] DAT 0xff (cs=0 dc=1)
[2791400000] DAT 0xff (cs=0 dc=1)
[2792200000] DAT 0xff (cs=0 dc=1)
[2793000000] DAT 0xff (cs=0 dc=1)
[2793800000] DAT 0xff (cs=0 dc=1)
[2794600000] DAT 0xff (cs=0 dc=1)
[2795400000] DAT 0xff (cs=0 dc=1)
[2796200000] DAT 0xff (cs=0 dc=1)
[2797000000] DAT 0xff (cs=0 dc=1)
[2797800000] DAT 0xff (cs=0 dc=1)
[2798600000] DAT 0xff (cs=0 dc=1)
[2799400000] DAT 0xff (cs=0 dc=1)
[2800200000] DAT 0xff (cs=0 dc=1)
[2801000000] DAT 0xff (cs=0 dc=1)
[2801800000] DAT 0xff (cs=0 dc=1)
[2802600000] DAT 0xff (cs=0 dc=1)
[2803400000] DAT 0xff (cs=0 dc=1)
[2804200000] DAT 0xff (cs=0 dc=1)
[2805000000] DAT 0xff (cs=0 dc=1)
[2805800000] DAT 0xff (cs=0 dc=1)
[2806600000] DAT 0xff (cs=0 dc=1)
[2807400000] DAT 0xff (cs=0 dc=1)
[2808200000] DAT 0xff (cs=0 dc=1)
[2809000000] DAT 0xff (cs=0 dc=1)
[2809800000] DAT 0xff (cs=0 dc=1)
[2810600000] DAT 0xff (cs=0 dc=1)
[2811400000] DAT 0xff (cs=0 dc=1)
[2812200000] DAT 0xff (cs=0 dc=1)
[2813000000] DAT 0xff (cs=0 dc=1)
[2813800000] DAT 0xff (cs=0 dc=1)
[2814600000] DAT 0xff (cs=0 dc=1)
[2815400000] DAT 0xff (cs=0 dc=1)
[2816200000] DAT 0xff (cs=0 dc=1)
[2817000000] DAT 0xff (cs=0 dc=1)
[2817800000] DAT 0xff (cs=0 dc=1)
[2818600000] DAT 0xff (cs=0 dc=1)
[2819400000] DAT 0xff (cs=0 dc=1)
[2820200000] DAT 0xff (cs=0 dc=1)
[2821000000] DAT 0xff (cs=0 dc=1)
[2821800000] DAT 0xff (cs=0 dc=1)
[2822600000] DAT 0xff (cs=0 dc=1)
[2823400000] DAT 0xff (cs=0 dc=1)
[2824200000] DAT 0xff (cs=0 dc=1)
[2825000000] DAT 0xff (cs=0 dc=1)
[2825800000] DAT 0xff (cs=0 dc=1)
[2826600000] DAT 0xff (cs=0 dc=1)
[2827400000] DAT 0xff (cs=0 dc=1)
[2828200000] DAT 0xff (cs=0 dc=1)
[2829000000] DAT 0xff (cs=0 dc=1)
[2829800000] DAT 0xff (cs=0 dc=1)
[2830600000] DAT 0xff (cs=0 dc=1)
[2831400000] DAT 0xff (cs=0 dc=1)
[2832200000] DAT 0xff (cs=0 dc=1)
[2833000000] DAT 0xff (cs=0 dc=1)
[2833800000] DAT 0xff (cs=0 dc=1)
[2834600000] DAT 0xff (cs=0 dc=1)
[2835400000] DAT 0xff (cs=0 dc=1)
[2836200000] DAT 0xff (cs=0 dc=1)
[2837000000] DAT 0xff (cs=0 dc=1)
[2837800000] DAT 0xff (cs=0 dc=1)
[2838600000] DAT 0xff (cs=0 dc=1)
[2839400000] DAT 0xff (cs=0 dc=1)
[2840200000] DAT 0xff (cs=0 dc=1)
[2841000000] DAT 0xff (cs=0 dc=1)
[2841800000] DAT 0xff (cs=0 dc=1)
[2842600000] DAT 0xff (cs=0 dc=1)
[2843400000] DAT 0xff (cs=0 dc=1)
[2844200000] DAT 0xff (cs=0 dc=1)
[2845000000] DAT 0xff (cs=0 dc=1)
[2845800000] DAT 0xff (cs=0 dc=1)
[2846600000] DAT 0xff (cs=0 dc=1)
[2847400000] DAT 0xff (cs=0 dc=1)
[2848200000] DAT 0xff (cs=0 dc=1)
[2849000000] DAT 0xff (cs=0 dc=1)
[2849800000] DAT 0xff (cs=0 dc=1)
[2850600000] DAT 0xff (cs=0 dc=1)
[2851400000] DAT 0xff (cs=0 dc=1)
[2852200000] DAT 0xff (cs=0 dc=1)
[2853000000] DAT 0xff (cs=0 dc=1)
[2853800000] DAT 0xff (cs=0 dc=1)
[2854600000] DAT 0xff (cs=0 dc=1)
[2855400000] DAT 0xff (cs=0 dc=1)
[2856200000] DAT 0xff (cs=0 dc=1)
[2857000000] DAT 0xff (cs=0 dc=1)
[2857800000] DAT 0xff (cs=0 dc=1)
[2858600000] DAT 0xff (cs=0 dc=1)
[2859400000] DAT 0xff (cs=0 dc=1)
[2860200000] DAT 0xff (cs=0 dc=1)
[2861000000] DAT 0xff (cs=0 dc=1)
[2861800000] DAT 0xff (cs=0 dc=1)
[2862600000] DAT 0xff (cs=0 dc=1)
[2863400000] DAT 0xff (cs=0 dc=1)
[2864200000] DAT 0xff (cs=0 dc=1)
[2865000000] DAT 0xff (cs=0 dc=1)
[2865800000] DAT 0xff (cs=0 dc=1)
[2866600000] DAT 0xff (cs=0 dc=1)
[2867400000] DAT 0xff (cs=0 dc=1)
[2868200000] DAT 0xff (cs=0 dc=1)
[2869000000] DAT 0xff (cs=0 dc=1)
[2869800000] DAT 0xff (cs=0 dc=1)
[2870600000] DAT 0xff (cs=0 dc=1)
[2871400000] DAT 0xff (cs=0 dc=1)
[2872200000] DAT 0xff (cs=0 dc=1)
[2873000000] DAT 0xff (cs=0 dc=1)
[2873800000] DAT 0xff (cs=0 dc=1)
[2874600000] DAT 0xff (cs=0 dc=1)
[2875400000] DAT 0xff (cs=0 dc=1)
[2876200000] DAT 0xff (cs=0 dc=1)
[2877000000] DAT 0xff (cs=0 dc=1)
[2877800000] DAT 0xff (cs=0 dc=1)
[2878600000] DAT 0xff (cs=0 dc=1)
[2879400000] DAT 0xff (cs=0 dc=1)
[2880200000] DAT 0xff (cs=0 dc=1)
[2881000000] DAT 0xff (cs=0 dc=1)
[2881800000] DAT 0xff (cs=0 dc=1)
[2882600000] DAT 0xff (cs=0 dc=1)
[2883400000] DAT 0xff (cs=0 dc=1)
[2884200000] DAT 0xff (cs=0 dc=1)
[2885000000] DAT 0xff (cs=0 dc=1)
[2885800000] DAT 0xff (cs=0 dc=1)
[2886600000] DAT 0xff (cs=0 dc=1)
[2887400000] DAT 0xff (cs=0 dc=1)
[2888200000] DAT 0xff (cs=0 dc=1)
[2889000000] DAT 0xff (cs=0 dc=1)
[2889800000] DAT 0xff (cs=0 dc=1)
[2890600000] DAT 0xff (cs=0 dc=1)
[2891400000] DAT 0xff (cs=0 dc=1)
[2892200000] DAT 0xff (cs=0 dc=1)
[2893000000] DAT 0xff (cs=0 dc=1)
[2893800000] DAT 0xff (cs=0 dc=1)
[2894600000] DAT 0xff (cs=0 dc=1)
[2895400000] DAT 0xff (cs=0 dc=1)
[2896200000] DAT 0xff (cs=0 dc=1)
[2897000000] DAT 0xff (cs=0 dc=1)
[2897800000] DAT 0xff (cs=0 dc=1)
[2898600000] DAT 0xff (cs=0 dc=1)
[2899400000] DAT 0xff (cs=0 dc=1)
[2900200000] DAT 0xff (cs=0 dc=1)
[2901000000] DAT 0xff (cs=0 dc=1)
[2901800000] DAT 0xff (cs=0 dc=1)
[2902600000] DAT 0xff (cs=0 dc=1)
[2903400000] DAT 0xff (cs=0 dc=1)
[2904200000] DAT 0xff (cs=0 dc=1)
[2905000000] DAT 0xff (cs=0 dc=1)
[2905800000] DAT 0xff (cs=0 dc=1)
[2906600000] DAT 0xff (cs=0 dc=1)
[2907400000] DAT 0xff (cs=0 dc=1)
[2908200000] DAT 0xff (cs=0 dc=1)
[2909000000] DAT 0xff (cs=0 dc=1)
[2909800000] DAT 0xff (cs=0 dc=1)
[2910600000] DAT 0xff (cs=0 dc=1)
[2911400000] DAT 0xff (cs=0 dc=1)
[2912200000] DAT 0xff (cs=0 dc=1)
[2913000000] DAT 0xff (cs=0 dc=1)
[2913800000] DAT 0xff (cs=0 dc=1)
[2914600000] DAT 0xff (cs=0 dc=1)
[2915400000] DAT 0xff (cs=0 dc=1)
[2916200000] DAT 0xff (cs=0 dc=1)
[2917000000] DAT 0xff (cs=0 dc=1)
[2917800000] DAT 0xff (cs=0 dc=1)
[2918600000] DAT 0xff (cs=0 dc=1)
[2919400000] DAT 0xff (cs=0 dc=1)
[2920200000] DAT 0xff (cs=0 dc=1)
[2921000000] DAT 0xff (cs=0 dc=1)
[2921800000] DAT 0xff (cs=0 dc=1)
[2922600000] DAT 0xff (cs=0 dc=1)
[2923400000] DAT 0xff (cs=0 dc=1)
[2924200000] DAT 0xff (cs=0 dc=1)
[2925000000] DAT 0xff (cs=0 dc=1)
[2925800000] DAT 0xff (cs=0 dc=1)
[2926600000] DAT 0xff (cs=0 dc=1)
[2927400000] DAT 0xff (cs=0 dc=1)
[2928200000] DAT 0xff (cs=0 dc=1)
[2929000000] DAT 0xff (cs=0 dc=1)
[2929800000] DAT 0xff (cs=0 dc=1)
[2930600000] DAT 0xff (cs=0 dc=1)
[2931400000] DAT 0xff (cs=0 dc=1)
[2932200000] DAT 0xff (cs=0 dc=1)
[2933000000] DAT 0xff (cs=0 dc=1)
[2933800000] DAT 0xff (cs=0 dc=1)
[2934600000] DAT 0xff (cs=0 dc=1)
[2935400000] DAT 0xff (cs=0 dc=1)
[2936200000] DAT 0xff (cs=0 dc=1)
[2937000000] DAT 0xff (cs=0 dc=1)
[2937800000] DAT 0xff (cs=0 dc=1)
[2938600000] DAT 0xff (cs=0 dc=1)
[2939400000] DAT 0xff (cs=0 dc=1)
[2940200000] DAT 0xff (cs=0 dc=1)
[2941000000] DAT 0xff (cs=0 dc=1)
[2941800000] DAT 0xff (cs=0 dc=1)
[2942600000] DAT 0xff (cs=0 dc=1)
[2943400000] DAT 0xff (cs=0 dc=1)
[2944200000] DAT 0xff (cs=0 dc=1)
[2945000000] DAT 0xff (cs=0 dc=1)
[2945800000] DAT 0xff (cs=0 dc=1)
[2946600000] DAT 0xff (cs=0 dc=1)
[2947400000] DAT 0xff (cs=0 dc=1)
[2948200000] DAT 0xff (cs=0 dc=1)
[2949000000] DAT 0xff (cs=0 dc=1)
[2949800000] DAT 0xff (cs=0 dc=1)
[2950600000] DAT 0xff (cs=0 dc=1)
[2951400000] DAT 0xff (cs=0 dc=1)
[2952200000] DAT 0xff (cs=0 dc=1)
[2953000000] DAT 0xff (cs=0 dc=1)
[2953800000] DAT 0xff (cs=0 dc=1)
[2954600000] DAT 0xff (cs=0 dc=1)
[2955400000] DAT 0xff (cs=0 dc=1)
[2956200000] DAT 0xff (cs=0 dc=1)
[2957000000] DAT 0xff (cs=0 dc=1)
[2957800000] DAT 0xff (cs=0 dc=1)
[2958600000] DAT 0xff (cs=0 dc=1)
[2959400000] DAT 0xff (cs=0 dc=1)
[2960200000] DAT 0xff (cs=0 dc=1)
[2961000000] DAT 0xff (cs=0 dc=1)
[2961800000] DAT 0xff (cs=0 dc=1)
[2962600000] DAT 0xff (cs=0 dc=1)
[2963400000] DAT 0xff (cs=0 dc=1)
[2964200000] DAT 0xff (cs=0 dc=1)
[2965000000] DAT 0xff (cs=0 dc=1)
[2965800000] DAT 0xff (cs=0 dc=1)
[2966600000] DAT 0xff (cs=0 dc=1)
[2967400000] DAT 0xff (cs=0 dc=1)
[2968200000] DAT 0xff (cs=0 dc=1)
[2969000000] DAT 0xff (cs=0 dc=1)
[2969800000] DAT 0xff (cs=0 dc=1)
[2970600000] DAT 0xff (cs=0 dc=1)
[2971400000] DAT 0xff (cs=0 dc=1)
[2972200000] DAT 0xff (cs=0 dc=1)
[2973000000] DAT 0xff (cs=0 dc=1)
[2973800000] DAT 0xff (cs=0 dc=1)
[2974600000] DAT 0xff (cs=0 dc=1)
[2975400000] DAT 0xff (cs=0 dc=1)
[2976200000] DAT 0xff (cs=0 dc=1)
[2977000000] DAT 0xff (cs=0 dc=1)
[2977800000] DAT 0xff (cs=0 dc=1)
[2978600000] DAT 0xff (cs=0 dc=1)
[2979400000] DAT 0xff (cs=0 dc=1)
[2980200000] DAT 0xff (cs=0 dc=1)
[2981000000] DAT 0xff (cs=0 dc=1)
[2981800000] DAT 0xff (cs=0 dc=1)
[2982600000] DAT 0xff (cs=0 dc=1)
[2983400000] DAT 0xff (cs=0 dc=1)
[2984200000] DAT 0xff (cs=0 dc=1)
[2985000000] DAT 0xff (cs=0 dc=1)
[2985800000] DAT 0xff (cs=0 dc=1)
[2986600000] DAT 0xff (cs=0 dc=1)
[2987400000] DAT 0xff (cs=0 dc=1)
[2988200000] DAT 0xff (cs=0 dc=1)
[2989000000] DAT 0xff (cs=0 dc=1)
[2989800000] DAT 0xff (cs=0 dc=1)
[2990600000] DAT 0xff (cs=0 dc=1)
[2991400000] DAT 0xff (cs=0 dc=1)
[2992200000] DAT 0xff (cs=0 dc=1)
[2993000000] DAT 0xff (cs=0 dc=1)
[2993800000] DAT 0xff (cs=0 dc=1)
[2994600000] DAT 0xff (cs=0 dc=1)
[2995400000] DAT 0xff (cs=0 dc=1)
[2996200000] DAT 0xff (cs=0 dc=1)
[2997000000] DAT 0xff (cs=0 dc=1)
[2997800000] DAT 0xff (cs=0 dc=1)
[2998600000] DAT 0xff (cs=0 dc=1)
[2999400000] DAT 0xff (cs=0 dc=1)
[3000000000] === SIM STOP (sniffed 2892 bytes total) ===
tb/tb_top.v:149: $finish called at 3000000000 (1ps)
