iverilog -o tb/build/sim_init.vvp -I src tb/tb_oled_init.v src/oled_init.v
cd tb && vvp build/sim_init.vvp
VCD info: dumpfile build/init.vcd opened for output.
[12465000] CMD 0xef
[12825000] CMD 0xeb
[13185000] DAT 0x14
[13545000] CMD 0xfe
[13905000] CMD 0xef
[14265000] CMD 0xeb
[14625000] DAT 0x14
[14985000] CMD 0x84
[15345000] DAT 0x40
[15705000] CMD 0x85
[16065000] DAT 0xff
[16425000] CMD 0x86
[16785000] DAT 0xff
[17145000] CMD 0x87
[17505000] DAT 0xff
[17865000] CMD 0x88
[18225000] DAT 0x0a
[18585000] CMD 0x89
[18945000] DAT 0x21
[19305000] CMD 0x8a
[19665000] DAT 0x00
[20025000] CMD 0x8b
[20385000] DAT 0x80
[20745000] CMD 0x8c
[21105000] DAT 0x01
[21465000] CMD 0x8d
[21825000] DAT 0x01
[22185000] CMD 0x8e
[22545000] DAT 0xff
[22905000] CMD 0x8f
[23265000] DAT 0xff
[23625000] CMD 0xb6
[23985000] DAT 0x00
[24345000] DAT 0x20
[24705000] CMD 0x3a
[25065000] DAT 0x05
[25425000] CMD 0x90
[25785000] DAT 0x08
[26145000] DAT 0x08
[26505000] DAT 0x08
[26865000] DAT 0x08
[27225000] CMD 0xbd
[27585000] DAT 0x06
[27945000] CMD 0xbc
[28305000] DAT 0x00
[28665000] CMD 0xff
[29025000] DAT 0x60
[29385000] DAT 0x01
[29745000] DAT 0x04
[30105000] CMD 0xc3
[30465000] DAT 0x13
[30825000] CMD 0xc4
[31185000] DAT 0x13
[31545000] CMD 0xc9
[31905000] DAT 0x22
[32265000] CMD 0xbe
[32625000] DAT 0x11
[32985000] CMD 0xe1
[33345000] DAT 0x10
[33705000] DAT 0x0e
[34065000] CMD 0xdf
[34425000] DAT 0x21
[34785000] DAT 0x0c
[35145000] DAT 0x02
[35505000] CMD 0xf0
[35865000] DAT 0x45
[36225000] DAT 0x09
[36585000] DAT 0x08
[36945000] DAT 0x08
[37305000] DAT 0x26
[37665000] DAT 0x2a
[38025000] CMD 0xf1
[38385000] DAT 0x43
[38745000] DAT 0x70
[39105000] DAT 0x72
[39465000] DAT 0x36
[39825000] DAT 0x37
[40185000] DAT 0x6f
[40545000] CMD 0xf2
[40905000] DAT 0x45
[41265000] DAT 0x09
[41625000] DAT 0x08
[41985000] DAT 0x08
[42345000] DAT 0x26
[42705000] DAT 0x2a
[43065000] CMD 0xf3
[43425000] DAT 0x43
[43785000] DAT 0x70
[44145000] DAT 0x72
[44505000] DAT 0x36
[44865000] DAT 0x37
[45225000] DAT 0x6f
[45585000] CMD 0xed
[45945000] DAT 0x1b
[46305000] DAT 0x0b
[46665000] CMD 0xae
[47025000] DAT 0x77
[47385000] CMD 0xcd
[47745000] DAT 0x63
[48105000] CMD 0x70
[48465000] DAT 0x07
[48825000] DAT 0x07
[49185000] DAT 0x04
[49545000] DAT 0x0e
[49905000] DAT 0x0f
[50265000] DAT 0x09
[50625000] DAT 0x07
[50985000] DAT 0x08
[51345000] DAT 0x03
[51705000] CMD 0xe8
[52065000] DAT 0x34
[52425000] CMD 0x62
[52785000] DAT 0x18
[53145000] DAT 0x0d
[53505000] DAT 0x71
[53865000] DAT 0xed
[54225000] DAT 0x70
[54585000] DAT 0x70
[54945000] DAT 0x18
[55305000] DAT 0x0f
[55665000] DAT 0x71
[56025000] DAT 0xef
[56385000] DAT 0x70
[56745000] DAT 0x70
[57105000] CMD 0x63
[57465000] DAT 0x18
[57825000] DAT 0x11
[58185000] DAT 0x71
[58545000] DAT 0xf1
[58905000] DAT 0x70
[59265000] DAT 0x70
[59625000] DAT 0x18
[59985000] DAT 0x13
[60345000] DAT 0x71
[60705000] DAT 0xf3
[61065000] DAT 0x70
[61425000] DAT 0x70
[61785000] CMD 0x64
[62145000] DAT 0x28
[62505000] DAT 0x29
[62865000] DAT 0xf1
[63225000] DAT 0x01
[63585000] DAT 0xf1
[63945000] DAT 0x00
[64305000] DAT 0x07
[64665000] CMD 0x66
[65025000] DAT 0x3c
[65385000] DAT 0x00
[65745000] DAT 0xcd
[66105000] DAT 0x67
[66465000] DAT 0x45
[66825000] DAT 0x45
[67185000] DAT 0x10
[67545000] DAT 0x00
[67905000] DAT 0x00
[68265000] DAT 0x00
[68625000] CMD 0x67
[68985000] DAT 0x00
[69345000] DAT 0x3c
[69705000] DAT 0x00
[70065000] DAT 0x00
[70425000] DAT 0x00
[70785000] DAT 0x01
[71145000] DAT 0x54
[71505000] DAT 0x10
[71865000] DAT 0x32
[72225000] DAT 0x98
[72585000] CMD 0x74
[72945000] DAT 0x10
[73305000] DAT 0x85
[73665000] DAT 0x80
[74025000] DAT 0x00
[74385000] DAT 0x00
[74745000] DAT 0x4e
[75105000] DAT 0x00
[75465000] CMD 0x98
[75825000] DAT 0x3e
[76185000] DAT 0x07
[76545000] CMD 0x35
[76905000] CMD 0x21
[77265000] CMD 0x11
[77635000] CMD 0x29
[77995000] CMD 0x2a
[78345000] DAT 0x00
[78695000] DAT 0x00
[79045000] DAT 0x00
[79395000] DAT 0xef
[79745000] CMD 0x2b
[80095000] DAT 0x00
[80445000] DAT 0x00
[80795000] DAT 0x00
[81145000] DAT 0xef
[81495000] CMD 0x2c
[81515000] === INIT DONE (193 bytes sent) ===
[82845000] CMD 0x2c
[82865000] === RAMWR PULSE on rearm ===
tb/tb_oled_init.v:87: $finish called at 83865000 (1ps)
