Archive member included to satisfy reference by file (symbol)

/home/hacker/.local/xPacks/@xpack-dev-tools/riscv-none-elf-gcc/15.2.0-1.1/.content/bin/../lib/gcc/riscv-none-elf/15.2.0/rv32imc/ilp32/libgcc.a(div.o)
                              print.o (__udivsi3)

There are no discarded input sections

Memory Configuration

Name             Origin             Length             Attributes
rom              0x00000000         0x00002000         xr
ram              0x00002000         0x00002000         xrw
*default*        0x00000000         0xffffffff

Linker script and memory map


.text           0x00000000      0x2e4
                0x00000000                        . = ALIGN (0x4)
 *(.text.start)
 .text.start    0x00000000       0xa2 start.o
                0x00000000                reset_vec
                0x00000000                start
 *(.text*)
 .text          0x000000a2        0x0 start.o
 .text          0x000000a2       0x8a print.o
                0x000000a2                print_chr
                0x000000aa                print_str
                0x000000bc                print_dec
                0x00000108                print_hex
 .text          0x0000012c        0x8 board_io.o
                0x0000012c                write_leds
 .text          0x00000134       0x30 main.o
                0x00000134                msg
 .text.startup  0x00000164       0x30 main.o
                0x00000164                main
 .text          0x00000194       0x7e /home/hacker/.local/xPacks/@xpack-dev-tools/riscv-none-elf-gcc/15.2.0-1.1/.content/bin/../lib/gcc/riscv-none-elf/15.2.0/rv32imc/ilp32/libgcc.a(div.o)
                0x00000194                __divsi3
                0x0000019c                __hidden___udivsi3
                0x0000019c                __udivsi3
                0x000001c8                __umodsi3
                0x000001ec                __modsi3
 *(.rodata*)
 *fill*         0x00000212        0x2 
 .rodata.str1.4
                0x00000214       0xcf print.o
                                 0x11 (size before relaxing)
 .rodata.str1.4
                0x000002e3        0x0 main.o
                                 0xbb (size before relaxing)
                0x000002e4                        . = ALIGN (0x4)
 *fill*         0x000002e3        0x1 
                0x000002e4                        _etext = .
                0x000002e4                        _sidata = LOADADDR (.data)

.rela.dyn       0x000002e4        0x0
 .rela.text.start
                0x000002e4        0x0 start.o

.data           0x00002000        0x0 load address 0x000002e4
                0x00002000                        . = ALIGN (0x4)
                0x00002000                        _sdata = .
 *(.sdata*)
 *(.data*)
 .data          0x00002000        0x0 start.o
 .data          0x00002000        0x0 print.o
 .data          0x00002000        0x0 board_io.o
 .data          0x00002000        0x0 main.o
 .data          0x00002000        0x0 /home/hacker/.local/xPacks/@xpack-dev-tools/riscv-none-elf-gcc/15.2.0-1.1/.content/bin/../lib/gcc/riscv-none-elf/15.2.0/rv32imc/ilp32/libgcc.a(div.o)
                0x00002000                        . = ALIGN (0x4)
                0x00002000                        _edata = .

.bss            0x00002000        0x0 load address 0x000002e4
                0x00002000                        . = ALIGN (0x4)
                0x00002000                        _sbss = .
 *(.sbss*)
 *(.bss*)
 .bss           0x00002000        0x0 start.o
 .bss           0x00002000        0x0 print.o
 .bss           0x00002000        0x0 board_io.o
 .bss           0x00002000        0x0 main.o
 .bss           0x00002000        0x0 /home/hacker/.local/xPacks/@xpack-dev-tools/riscv-none-elf-gcc/15.2.0-1.1/.content/bin/../lib/gcc/riscv-none-elf/15.2.0/rv32imc/ilp32/libgcc.a(div.o)
 *(COMMON)
                0x00002000                        . = ALIGN (0x4)
                0x00002000                        _ebss = .
                0x00004000                        _stack_top = (ORIGIN (ram) + LENGTH (ram))
LOAD start.o
LOAD print.o
LOAD board_io.o
LOAD main.o
LOAD /home/hacker/.local/xPacks/@xpack-dev-tools/riscv-none-elf-gcc/15.2.0-1.1/.content/bin/../lib/gcc/riscv-none-elf/15.2.0/rv32imc/ilp32/libgcc.a
OUTPUT(firmware/firmware.elf elf32-littleriscv)

.riscv.attributes
                0x00000000       0x36
 .riscv.attributes
                0x00000000       0x34 start.o
 .riscv.attributes
                0x00000034       0x28 print.o
 .riscv.attributes
                0x0000005c       0x21 board_io.o
 .riscv.attributes
                0x0000007d       0x28 main.o
 .riscv.attributes
                0x000000a5       0x34 /home/hacker/.local/xPacks/@xpack-dev-tools/riscv-none-elf-gcc/15.2.0-1.1/.content/bin/../lib/gcc/riscv-none-elf/15.2.0/rv32imc/ilp32/libgcc.a(div.o)

.comment        0x00000000       0x4b
 .comment       0x00000000       0x4b print.o
                                 0x34 (size before relaxing)
 .comment       0x0000004b        0x0 board_io.o
                                 0x19 (size before relaxing)
 .comment       0x0000004b        0x0 main.o
                                 0x34 (size before relaxing)

.note.GNU-stack
                0x00000000        0x0
 .note.GNU-stack
                0x00000000        0x0 print.o
 .note.GNU-stack
                0x00000000        0x0 board_io.o
 .note.GNU-stack
                0x00000000        0x0 main.o
